SLF4J: Failed to load class "org.slf4j.impl.StaticLoggerBinder".
SLF4J: Defaulting to no-operation (NOP) logger implementation
SLF4J: See http://www.slf4j.org/codes.html#StaticLoggerBinder for further details.
[13:19:31] [main/INFO]: [OptiFine] (Reflector) Field not found: World.tileEntitiesToBeRemoved
[13:19:31] [main/INFO]: [OptiFine] (Reflector) Class not present: net.minecraftforge.eventbus.api.Event$Result
[13:19:31] [main/INFO]: [OptiFine] (Reflector) Method not present: net.minecraftforge.common.extensions.IForgeBlockState.hasTileEntity
[13:19:31] [main/INFO]: [OptiFine] (Reflector) Class not present: net.minecraftforge.common.extensions.IForgeEntity
[13:19:31] [main/INFO]: [OptiFine] (Reflector) Class not present: net.minecraftforge.fml.CrashReportExtender
[13:19:31] [main/INFO]: [OptiFine] (Reflector) Method not present: net.minecraft.tags.ItemTags.createOptional
[13:19:33] [Render thread/INFO]: [OptiFine] (Reflector) Class not present: net.minecraftforge.client.ForgeHooksClient
[13:19:34] [Render thread/INFO]: Environment: authHost='https://authserver.mojang.com', accountsHost='https://api.mojang.com', sessionHost='https://sessionserver.mojang.com', servicesHost='https://api.minecraftservices.com', name='PROD'
[13:19:34] [Render thread/INFO]: Setting user: Player706
[13:19:35] [Render thread/INFO]: [OptiFine] (Reflector) Class not present: net.minecraftforge.client.settings.KeyConflictContext
[13:19:35] [Render thread/INFO]: [OptiFine] (Reflector) Class not present: net.minecraft.launchwrapper.Launch
[13:19:35] [Render thread/INFO]: Backend library: LWJGL version 3.2.2 SNAPSHOT
[13:19:35] [Render thread/INFO]: [OptiFine] 
[13:19:35] [Render thread/INFO]: [OptiFine] OptiFine_1.16.5_HD_U_G8
[13:19:35] [Render thread/INFO]: [OptiFine] (Reflector) Class not present: optifine.OptiFineResourceLocator
[13:19:35] [Render thread/INFO]: [OptiFine] Build: null
[13:19:35] [Render thread/INFO]: [OptiFine] OS: Linux (amd64) version 6.8.0-87-generic
[13:19:35] [Render thread/INFO]: [OptiFine] Java: 1.8.0_504, Ubuntu
[13:19:35] [Render thread/INFO]: [OptiFine] VM: OpenJDK 64-Bit Server VM (mixed mode), Ubuntu
[13:19:35] [Render thread/INFO]: [OptiFine] LWJGL: 3.3.0 X11 GLX EGL OSMesa clock_gettime evdev shared
[13:19:35] [Render thread/INFO]: [OptiFine] OpenGL: llvmpipe (LLVM 15.0.7, 256 bits), version 4.5 (Compatibility Profile) Mesa 23.2.1-1ubuntu3.1~22.04.4, Mesa
[13:19:35] [Render thread/INFO]: [OptiFine] OpenGL Version: 4.5.0
[13:19:35] [Render thread/INFO]: [OptiFine] Maximum texture size: 16384x16384
[13:19:35] [VersionCheck/INFO]: [OptiFine] Checking for new version
[13:19:35] [Render thread/INFO]: [Shaders] OpenGL Version: 4.5 (Compatibility Profile) Mesa 23.2.1-1ubuntu3.1~22.04.4
[13:19:35] [Render thread/INFO]: [Shaders] Vendor:  Mesa
[13:19:35] [Render thread/INFO]: [Shaders] Renderer: llvmpipe (LLVM 15.0.7, 256 bits)
[13:19:35] [Render thread/INFO]: [Shaders] Capabilities:  2.0  2.1  3.0  3.2  4.0 
[13:19:35] [Render thread/INFO]: [Shaders] GL_MAX_DRAW_BUFFERS: 8
[13:19:35] [Render thread/INFO]: [Shaders] GL_MAX_COLOR_ATTACHMENTS_EXT: 8
[13:19:35] [Render thread/INFO]: [Shaders] GL_MAX_TEXTURE_IMAGE_UNITS: 32
[13:19:35] [Render thread/INFO]: [Shaders] Load shaders configuration.
[13:19:35] [Render thread/INFO]: [Shaders] Save shaders configuration.
[13:19:35] [Render thread/INFO]: [Shaders] No shaderpack loaded.
[13:19:35] [Render thread/INFO]: [OptiFine] (Reflector) Class not present: net.minecraftforge.fml.common.Loader
[13:19:36] [VersionCheck/INFO]: [OptiFine] Version found: G7
[13:19:36] [Render thread/INFO]: [OptiFine] (Reflector) Class not present: net.minecraftforge.client.ItemModelMesherForge
[13:19:37] [Render thread/INFO]: [OptiFine] (Reflector) Class not present: net.minecraftforge.client.model.pipeline.ForgeBlockModelRenderer
[13:19:37] [Render thread/WARN]: ERROR : Couldn't load Narrator library : Unable to load library 'fliteWrapper': Can't obtain InputStream for linux-x86-64/libfliteWrapper.so
[13:19:37] [Render thread/INFO]: [OptiFine] (Reflector) Class not present: net.minecraftforge.fml.client.gui.screen.ModListScreen
[13:19:37] [Render thread/INFO]: Reloading ResourceManager: Default
[13:19:37] [Render thread/INFO]: [OptiFine] *** Reloading textures ***
[13:19:37] [Render thread/INFO]: [OptiFine] Resource packs: Default
[13:19:37] [Render thread/INFO]: [OptiFine] (Reflector) Method not present: net.minecraft.client.renderer.RenderTypeLookup.canRenderInLayer
[13:19:37] [Render thread/INFO]: [OptiFine] *** Reflector Forge ***
[13:19:37] [Render thread/INFO]: [OptiFine] (Reflector) Class not present: mods.betterfoliage.client.BetterFoliageClient
[13:19:37] [Render thread/INFO]: [OptiFine] (Reflector) Class not present: net.minecraftforge.fml.BrandingControl
[13:19:37] [Render thread/INFO]: [OptiFine] (Reflector) Class not present: net.minecraftforge.common.capabilities.ICapabilityProvider
[13:19:37] [Render thread/INFO]: [OptiFine] (Reflector) Class not present: net.minecraftforge.common.capabilities.CapabilityProvider
[13:19:37] [Render thread/INFO]: [OptiFine] (Reflector) Class not present: net.minecraftforge.fml.client.ClientModLoader
[13:19:37] [Render thread/INFO]: [OptiFine] (Reflector) Class not present: net.minecraftforge.event.world.ChunkDataEvent$Save
[13:19:37] [Render thread/INFO]: [OptiFine] (Reflector) Class not present: net.minecraftforge.event.world.ChunkEvent$Load
[13:19:37] [Render thread/INFO]: [OptiFine] (Reflector) Class not present: net.minecraftforge.event.world.ChunkEvent$Unload
[13:19:37] [Worker-Main-11/INFO]: [OptiFine] (Reflector) Class not present: net.minecraftforge.client.model.ModelLoaderRegistry
[13:19:37] [Render thread/INFO]: [OptiFine] (Reflector) Class not present: net.minecraftforge.fml.client.ClientHooks
[13:19:37] [Render thread/INFO]: [OptiFine] (Reflector) Class not present: net.minecraftforge.client.event.GuiScreenEvent$DrawScreenEvent$Pre
[13:19:37] [Render thread/INFO]: [OptiFine] (Reflector) Class not present: net.minecraftforge.client.event.GuiScreenEvent$DrawScreenEvent$Post
[13:19:37] [Render thread/INFO]: [OptiFine] (Reflector) Method not present: net.minecraftforge.fml.loading.progress.EarlyProgressVisualization.handOffWindow
[13:19:37] [Render thread/INFO]: [OptiFine] (Reflector) Class not present: net.minecraftforge.event.entity.EntityLeaveWorldEvent
[13:19:37] [Render thread/INFO]: [OptiFine] (Reflector) Class not present: net.minecraftforge.client.event.EntityViewRenderEvent$CameraSetup
[13:19:37] [Render thread/INFO]: [OptiFine] (Reflector) Class not present: net.minecraftforge.client.event.EntityViewRenderEvent$FogColors
[13:19:37] [Render thread/INFO]: [OptiFine] (Reflector) Class not present: net.minecraftforge.client.event.EntityViewRenderEvent$RenderFogEvent
[13:19:37] [Render thread/INFO]: [OptiFine] (Reflector) Class not present: net.minecraftforge.event.entity.EntityJoinWorldEvent
[13:19:37] [Render thread/INFO]: [OptiFine] (Reflector) Method not present: net.minecraftforge.eventbus.api.Event.isCanceled
[13:19:37] [Render thread/INFO]: [OptiFine] (Reflector) Method not present: net.minecraftforge.eventbus.api.Event.getResult
[13:19:37] [Render thread/INFO]: [OptiFine] (Reflector) Class not present: net.minecraftforge.eventbus.api.IEventBus
[13:19:37] [Render thread/INFO]: [OptiFine] (Reflector) Class not present: net.minecraftforge.common.extensions.IForgeBlock
[13:19:37] [Render thread/INFO]: [OptiFine] (Reflector) Method not present: net.minecraft.client.renderer.BlockModelShapes.getTexture
[13:19:37] [Render thread/INFO]: [OptiFine] (Reflector) Method not present: net.minecraftforge.common.extensions.IForgeBlockState.addDestroyEffects
[13:19:37] [Render thread/INFO]: [OptiFine] (Reflector) Method not present: net.minecraftforge.common.extensions.IForgeBlockState.addHitEffects
[13:19:37] [Render thread/INFO]: [OptiFine] (Reflector) Method not present: net.minecraftforge.common.extensions.IForgeBlockState.getLightValue
[13:19:37] [Render thread/INFO]: [OptiFine] (Reflector) Method not present: net.minecraftforge.common.extensions.IForgeBlockState.getSoundType
[13:19:37] [Render thread/INFO]: [OptiFine] (Reflector) Method not present: net.minecraftforge.common.extensions.IForgeBlockState.getStateAtViewpoint
[13:19:37] [Render thread/INFO]: [OptiFine] (Reflector) Method not present: net.minecraftforge.common.extensions.IForgeBlockState.isAir
[13:19:37] [Render thread/INFO]: [OptiFine] (Reflector) Method not present: net.minecraftforge.common.extensions.IForgeBlockState.shouldDisplayFluidOverlay
[13:19:37] [Render thread/INFO]: [OptiFine] (Reflector) Class not present: net.minecraftforge.common.extensions.IForgeFluid
[13:19:37] [Render thread/INFO]: [OptiFine] (Reflector) Class not present: net.minecraftforge.fluids.FluidAttributes
[13:19:37] [Render thread/INFO]: [OptiFine] (Reflector) Method not present: net.minecraft.entity.EntityType.getTags
[13:19:37] [Render thread/INFO]: [OptiFine] (Reflector) Class not present: net.minecraftforge.event.ForgeEventFactory
[13:19:37] [Render thread/INFO]: [OptiFine] (Reflector) Method not present: net.minecraft.fluid.Fluid.getTags
[13:19:37] [Render thread/INFO]: [OptiFine] (Reflector) Class not present: net.minecraftforge.common.ForgeHooks
[13:19:37] [Render thread/INFO]: [OptiFine] (Reflector) Class not present: net.minecraftforge.common.ForgeConfig
[13:19:37] [Render thread/INFO]: [OptiFine] (Reflector) Class not present: net.minecraftforge.common.ForgeConfig$Client
[13:19:37] [Render thread/INFO]: [OptiFine] (Reflector) Class not present: net.minecraftforge.common.ForgeConfigSpec
[13:19:37] [Render thread/INFO]: [OptiFine] (Reflector) Class not present: net.minecraftforge.common.ForgeConfigSpec$ConfigValue
[13:19:37] [Worker-Main-8/INFO]: [OptiFine] Multitexture: false
[13:19:37] [Worker-Main-13/INFO]: [OptiFine] Multitexture: false
[13:19:37] [Worker-Main-12/INFO]: [OptiFine] Multitexture: false
[13:19:37] [Render thread/INFO]: [OptiFine] (Reflector) Method not present: net.minecraft.world.chunk.IChunk.getWorldForge
[13:19:37] [Render thread/INFO]: [OptiFine] (Reflector) Class not present: net.minecraftforge.common.extensions.IForgeItem
[13:19:37] [Render thread/INFO]: [OptiFine] (Reflector) Class not present: net.minecraftforge.common.extensions.IForgeItemStack
[13:19:37] [Render thread/INFO]: [OptiFine] (Reflector) Class not present: net.minecraftforge.fml.ForgeI18n
[13:19:37] [Render thread/INFO]: [OptiFine] (Reflector) Method not present: net.minecraft.client.settings.KeyBinding.setKeyConflictContext
[13:19:37] [Render thread/INFO]: [OptiFine] (Reflector) Method not present: net.minecraft.client.settings.KeyBinding.setKeyModifierAndCode
[13:19:37] [Render thread/INFO]: [OptiFine] (Reflector) Method not present: net.minecraft.client.settings.KeyBinding.getKeyModifier
[13:19:37] [Render thread/INFO]: [OptiFine] (Reflector) Class not present: net.minecraftforge.common.extensions.IForgeEffectInstance
[13:19:37] [Render thread/INFO]: [OptiFine] (Reflector) Class not present: net.minecraftforge.registries.ForgeRegistryEntry
[13:19:37] [Render thread/INFO]: [OptiFine] (Reflector) Method not present: net.minecraft.client.renderer.RenderTypeLookup.canRenderInLayer
[13:19:37] [Render thread/INFO]: [OptiFine] (Reflector) Constructor not present: net.minecraft.world.server.Ticket, params: class net.minecraft.world.server.TicketType, int, class java.lang.Object, boolean
[13:19:37] [Render thread/INFO]: [OptiFine] (Reflector) Method not present: net.minecraft.world.server.Ticket.isForceTicks
[13:19:37] [Render thread/INFO]: [OptiFine] (Reflector) Class not present: net.minecraftforge.common.extensions.IForgeTileEntity
[13:19:37] [Render thread/INFO]: [OptiFine] (Reflector) Method not present: net.minecraft.client.world.DimensionRenderInfo.getCloudRenderHandler
[13:19:37] [Render thread/INFO]: [OptiFine] (Reflector) Method not present: net.minecraft.client.world.DimensionRenderInfo.getSkyRenderHandler
[13:19:37] [Render thread/INFO]: [OptiFine] (Reflector) Method not present: net.minecraft.client.world.DimensionRenderInfo.getWeatherParticleRenderHandler
[13:19:37] [Render thread/INFO]: [OptiFine] (Reflector) Method not present: net.minecraft.client.world.DimensionRenderInfo.getWeatherRenderHandler
[13:19:37] [Render thread/INFO]: [OptiFine] (Reflector) Class not present: net.minecraftforge.client.IRenderHandler
[13:19:37] [Render thread/INFO]: [OptiFine] (Reflector) Class not present: net.minecraftforge.client.settings.KeyModifier
[13:19:37] [Render thread/INFO]: [OptiFine] (Reflector) Class not present: net.minecraftforge.client.model.pipeline.LightUtil
[13:19:37] [Render thread/INFO]: [OptiFine] (Reflector) Class not present: net.minecraftforge.common.MinecraftForge
[13:19:37] [Render thread/INFO]: [OptiFine] (Reflector) Class not present: net.minecraftforge.client.MinecraftForgeClient
[13:19:37] [Render thread/INFO]: [OptiFine] (Reflector) Class not present: net.minecraftforge.fml.common.ModContainer
[13:19:37] [Render thread/INFO]: [OptiFine] (Reflector) Class not present: net.minecraftforge.client.gui.NotificationModUpdateScreen
[13:19:37] [Render thread/INFO]: [OptiFine] (Reflector) Class not present: net.minecraftforge.entity.PartEntity
[13:19:37] [Render thread/INFO]: [OptiFine] (Reflector) Class not present: net.minecraftforge.event.entity.PlaySoundAtEntityEvent
[13:19:37] [Render thread/INFO]: [OptiFine] (Reflector) Class not present: net.minecraftforge.client.event.RenderBlockOverlayEvent$OverlayType
[13:19:37] [Render thread/INFO]: [OptiFine] (Reflector) Class not present: net.minecraftforge.fml.client.registry.RenderingRegistry
[13:19:37] [Render thread/INFO]: [OptiFine] (Reflector) Class not present: net.minecraftforge.client.event.RenderGameOverlayEvent$BossInfo
[13:19:37] [Render thread/INFO]: [OptiFine] (Reflector) Class not present: net.minecraftforge.client.event.RenderItemInFrameEvent
[13:19:37] [Render thread/INFO]: [OptiFine] (Reflector) Class not present: net.minecraftforge.client.event.RenderLivingEvent$Pre
[13:19:37] [Render thread/INFO]: [OptiFine] (Reflector) Class not present: net.minecraftforge.client.event.RenderLivingEvent$Post
[13:19:37] [Render thread/INFO]: [OptiFine] (Reflector) Class not present: net.minecraftforge.client.event.RenderNameplateEvent
[13:19:37] [Render thread/INFO]: [OptiFine] (Reflector) Class not present: net.minecraftforge.client.event.ScreenshotEvent
[13:19:37] [Render thread/INFO]: [OptiFine] (Reflector) Class not present: net.minecraftforge.fml.server.ServerLifecycleHooks
[13:19:37] [Render thread/INFO]: [OptiFine] (Reflector) Class not present: net.minecraftforge.event.world.WorldEvent$Load
[13:19:37] [Render thread/INFO]: [OptiFine] *** Reflector Vanilla ***
[13:19:37] [Realms Notification Availability checker #1/INFO]: Could not authorize you against Realms server: java.lang.RuntimeException: Failed to parse into SignedJWT: null
[13:19:39] [Worker-Main-11/INFO]: [OptiFine] Multitexture: false
[13:19:39] [Worker-Main-11/INFO]: [OptiFine] Multipass connected textures: false
[13:19:39] [Worker-Main-11/INFO]: [OptiFine] Mipmap levels: 4
[13:19:39] [Worker-Main-10/ERROR]: Using missing texture, unable to load minecraft:optifine/ctm/default/empty.png : java.io.FileNotFoundException: minecraft:optifine/ctm/default/empty.png
[13:19:39] [Worker-Main-11/INFO]: [OptiFine] Multitexture: false
[13:19:39] [Worker-Main-11/INFO]: [OptiFine] Sprite size: 64
[13:19:39] [Worker-Main-11/INFO]: [OptiFine] Mipmap levels: 6
[13:19:39] [Worker-Main-11/INFO]: [OptiFine] Multitexture: false
[13:19:39] [Worker-Main-11/INFO]: [OptiFine] Sprite size: 64
[13:19:39] [Worker-Main-11/INFO]: [OptiFine] Mipmap levels: 6
[13:19:39] [Worker-Main-11/INFO]: [OptiFine] Multitexture: false
[13:19:39] [Worker-Main-11/INFO]: [OptiFine] Sprite size: 64
[13:19:39] [Worker-Main-11/INFO]: [OptiFine] Mipmap levels: 6
[13:19:39] [Worker-Main-11/INFO]: [OptiFine] Multitexture: false
[13:19:39] [Worker-Main-11/INFO]: [OptiFine] Sprite size: 64
[13:19:39] [Worker-Main-11/INFO]: [OptiFine] Mipmap levels: 6
[13:19:39] [Worker-Main-11/INFO]: [OptiFine] Multitexture: false
[13:19:39] [Worker-Main-11/INFO]: [OptiFine] Sprite size: 64
[13:19:39] [Worker-Main-11/INFO]: [OptiFine] Mipmap levels: 6
[13:19:39] [Worker-Main-11/INFO]: [OptiFine] Multitexture: false
[13:19:39] [Worker-Main-11/INFO]: [OptiFine] Sprite size: 64
[13:19:39] [Worker-Main-11/INFO]: [OptiFine] Mipmap levels: 6
ALSA lib confmisc.c:855:(parse_card) cannot find card '0'
ALSA lib conf.c:5182:(_snd_config_evaluate) function snd_func_card_inum returned error: No such file or directory
ALSA lib confmisc.c:422:(snd_func_concat) error evaluating strings
ALSA lib conf.c:5182:(_snd_config_evaluate) function snd_func_concat returned error: No such file or directory
ALSA lib confmisc.c:1334:(snd_func_refer) error evaluating name
ALSA lib conf.c:5182:(_snd_config_evaluate) function snd_func_refer returned error: No such file or directory
ALSA lib conf.c:5705:(snd_config_expand) Evaluate error: No such file or directory
ALSA lib pcm.c:2664:(snd_pcm_open_noupdate) Unknown PCM default
AL lib: (EE) ALCplaybackAlsa_open: Could not open playback device 'default': No such file or directory
ALSA lib confmisc.c:855:(parse_card) cannot find card '0'
ALSA lib conf.c:5182:(_snd_config_evaluate) function snd_func_card_inum returned error: No such file or directory
ALSA lib confmisc.c:422:(snd_func_concat) error evaluating strings
ALSA lib conf.c:5182:(_snd_config_evaluate) function snd_func_concat returned error: No such file or directory
ALSA lib confmisc.c:1334:(snd_func_refer) error evaluating name
ALSA lib conf.c:5182:(_snd_config_evaluate) function snd_func_refer returned error: No such file or directory
ALSA lib conf.c:5705:(snd_config_expand) Evaluate error: No such file or directory
ALSA lib pcm.c:2664:(snd_pcm_open_noupdate) Unknown PCM default
AL lib: (EE) ALCplaybackAlsa_open: Could not open playback device 'default': No such file or directory
ALSA lib confmisc.c:855:(parse_card) cannot find card '0'
ALSA lib conf.c:5182:(_snd_config_evaluate) function snd_func_card_inum returned error: No such file or directory
ALSA lib confmisc.c:422:(snd_func_concat) error evaluating strings
ALSA lib conf.c:5182:(_snd_config_evaluate) function snd_func_concat returned error: No such file or directory
ALSA lib confmisc.c:1334:(snd_func_refer) error evaluating name
ALSA lib conf.c:5182:(_snd_config_evaluate) function snd_func_refer returned error: No such file or directory
ALSA lib conf.c:5705:(snd_config_expand) Evaluate error: No such file or directory
ALSA lib pcm.c:2664:(snd_pcm_open_noupdate) Unknown PCM default
AL lib: (EE) ALCplaybackAlsa_open: Could not open playback device 'default': No such file or directory
[13:19:40] [Render thread/ERROR]: Error starting SoundSystem. Turning off sounds & music
java.lang.IllegalStateException: Failed to open OpenAL device
	at net.minecraft.client.audio.SoundSystem.openDevice(SoundSystem.java:135) ~[mcprec-6.13.jar:?]
	at net.minecraft.client.audio.SoundSystem.init(SoundSystem.java:51) ~[mcprec-6.13.jar:?]
	at net.minecraft.client.audio.SoundEngine.load(SoundEngine.java:83) ~[mcprec-6.13.jar:?]
	at net.minecraft.client.audio.SoundEngine.reload(SoundEngine.java:77) ~[mcprec-6.13.jar:?]
	at net.minecraft.client.audio.SoundHandler.apply(SoundHandler.java:110) ~[mcprec-6.13.jar:?]
	at net.minecraft.client.audio.SoundHandler.apply(SoundHandler.java:34) ~[mcprec-6.13.jar:?]
	at net.minecraft.client.resources.ReloadListener.lambda$reload$1(ReloadListener.java:17) ~[mcprec-6.13.jar:?]
	at java.util.concurrent.CompletableFuture.uniAccept(CompletableFuture.java:670) ~[?:1.8.0_504]
	at java.util.concurrent.CompletableFuture$UniAccept.tryFire(CompletableFuture.java:646) ~[?:1.8.0_504]
	at java.util.concurrent.CompletableFuture$Completion.run(CompletableFuture.java:456) ~[?:1.8.0_504]
	at net.minecraft.resources.AsyncReloader.lambda$null$3(AsyncReloader.java:71) ~[mcprec-6.13.jar:?]
	at net.minecraft.util.concurrent.ThreadTaskExecutor.execute(ThreadTaskExecutor.java:92) ~[mcprec-6.13.jar:?]
	at net.minecraft.resources.AsyncReloader.lambda$new$4(AsyncReloader.java:70) ~[mcprec-6.13.jar:?]
	at java.util.concurrent.CompletableFuture$UniCompletion.claim(CompletableFuture.java:543) ~[?:1.8.0_504]
	at java.util.concurrent.CompletableFuture.uniAccept(CompletableFuture.java:667) ~[?:1.8.0_504]
	at java.util.concurrent.CompletableFuture$UniAccept.tryFire(CompletableFuture.java:646) ~[?:1.8.0_504]
	at java.util.concurrent.CompletableFuture.postComplete(CompletableFuture.java:488) ~[?:1.8.0_504]
	at java.util.concurrent.CompletableFuture.postFire(CompletableFuture.java:575) ~[?:1.8.0_504]
	at java.util.concurrent.CompletableFuture$UniAccept.tryFire(CompletableFuture.java:649) ~[?:1.8.0_504]
	at java.util.concurrent.CompletableFuture$Completion.run(CompletableFuture.java:456) ~[?:1.8.0_504]
	at com.mojang.blaze3d.systems.RenderSystem.replayQueue(RenderSystem.java:101) [mcprec-6.13.jar:?]
	at com.mojang.blaze3d.systems.RenderSystem.flipFrame(RenderSystem.java:90) [mcprec-6.13.jar:?]
	at net.minecraft.client.MainWindow.flipFrame(MainWindow.java:356) [mcprec-6.13.jar:?]
	at net.minecraft.client.Minecraft.runGameLoop(Minecraft.java:1021) [mcprec-6.13.jar:?]
	at net.minecraft.client.Minecraft.run(Minecraft.java:608) [mcprec-6.13.jar:?]
	at net.minecraft.client.main.Main.main(Main.java:196) [mcprec-6.13.jar:?]
[13:19:40] [Render thread/INFO]: Created: 1024x512x4 minecraft:textures/atlas/blocks.png-atlas
[13:19:40] [Render thread/WARN]: [OptiFine] Missing CTM sprite: minecraft:optifine/ctm/default/empty
[13:19:40] [Render thread/INFO]: [OptiFine] Animated sprites: 43
[13:19:40] [Render thread/INFO]: Created: 256x128x4 minecraft:textures/atlas/signs.png-atlas
[13:19:40] [Render thread/INFO]: [OptiFine] Animated sprites: 0
[13:19:40] [Render thread/INFO]: Created: 512x512x4 minecraft:textures/atlas/banner_patterns.png-atlas
[13:19:40] [Render thread/INFO]: [OptiFine] Animated sprites: 0
[13:19:40] [Render thread/INFO]: Created: 512x512x4 minecraft:textures/atlas/shield_patterns.png-atlas
[13:19:40] [Render thread/INFO]: [OptiFine] Animated sprites: 0
[13:19:40] [Render thread/INFO]: Created: 256x256x4 minecraft:textures/atlas/chest.png-atlas
[13:19:40] [Render thread/INFO]: [OptiFine] Animated sprites: 0
[13:19:40] [Render thread/INFO]: Created: 512x256x4 minecraft:textures/atlas/beds.png-atlas
[13:19:40] [Render thread/INFO]: [OptiFine] Animated sprites: 0
[13:19:40] [Render thread/INFO]: Created: 512x256x4 minecraft:textures/atlas/shulker_boxes.png-atlas
[13:19:40] [Render thread/INFO]: [OptiFine] Animated sprites: 0
[13:19:40] [Render thread/INFO]: Created: 256x256x0 minecraft:textures/atlas/particles.png-atlas
[13:19:40] [Render thread/INFO]: [OptiFine] Animated sprites: 0
[13:19:40] [Render thread/INFO]: Created: 256x256x0 minecraft:textures/atlas/paintings.png-atlas
[13:19:40] [Render thread/INFO]: [OptiFine] Animated sprites: 0
[13:19:40] [Render thread/INFO]: Created: 128x128x0 minecraft:textures/atlas/mob_effects.png-atlas
[13:19:40] [Render thread/INFO]: [OptiFine] Animated sprites: 0
[13:19:40] [Render thread/INFO]: [OptiFine] *** Reloading custom textures ***
[13:19:41] [Render thread/INFO]: [OptiFine] Disable Forge light pipeline
[13:19:42] [Thread-5/INFO]: [STDOUT]: ***** Start MalmoEnvServer on port 12217
[13:19:42] [Thread-5/INFO]: [STDOUT]: CLIENT enter state: DORMANT
[13:19:42] [Thread-5/INFO]: [STDOUT]: SERVER enter state: DORMANT
[13:19:42] [EnvServerSocketHandler/INFO]: Received Mission token 39252c2b-a4c9-4535-9f24-820c4fc4b6b3:0:0:1:true:1188033245
[13:19:42] [EnvServerSocketHandler/INFO]: Received mission init command  <MissionInit xmlns="http://ProjectMalmo.microsoft.com" xmlns:xsi="http://www.w3.org/2001/XMLSchema-instance" SchemaVersion="" PlatformVersion="0.37.0"><Mission><About><Summary>MineRLHumanSurvival-v0</Summary></About><ModSettings><MsPerTick>50</MsPerTick></ModSettings><ServerSection><ServerInitialConditions><Time><AllowPassageOfTime>true</AllowPassageOfTime></Time><AllowSpawning>true</AllowSpawning></ServerInitialConditions><ServerHandlers><DefaultWorldGenerator forceReset="true" generatorOptions="{}"/><ServerQuitWhenAnyAgentFinishes/></ServerHandlers></ServerSection><AgentSection mode="Survival"><Name>MineRLAgent0</Name><AgentStart><LowLevelInputs>true</LowLevelInputs><GuiScale>1.0</GuiScale><GammaSetting>2.0</GammaSetting><FOVSetting>70.0</FOVSetting><FakeCursorSize>16</FakeCursorSize><Inventory/><PreferredSpawnBiome>plains</PreferredSpawnBiome></AgentStart><AgentHandlers><FileBasedPerformanceProducer/><PauseCommand/><VideoProducer want_depth="false"><Width>640</Width><Height>360</Height></VideoProducer><ObservationFromFullInventory flat="false"/><ObservationFromEquippedItem/><ObservationFromFullStats/><ObservationFromFullStats/><HumanLevelCommands/><CameraCommands/><ChatCommands/><IsGuiOpen/></AgentHandlers></AgentSection></Mission><ExperimentUID>39252c2b-a4c9-4535-9f24-820c4fc4b6b3</ExperimentUID><ClientRole>0</ClientRole><ClientAgentConnection><ClientIPAddress>127.0.0.1</ClientIPAddress><ClientMissionControlPort>0</ClientMissionControlPort><ClientCommandsPort>0</ClientCommandsPort><AgentIPAddress>127.0.0.1</AgentIPAddress><AgentMissionControlPort>0</AgentMissionControlPort><AgentVideoPort>0</AgentVideoPort><AgentDepthPort>0</AgentDepthPort><AgentLuminancePort>0</AgentLuminancePort><AgentObservationsPort>0</AgentObservationsPort><AgentRewardsPort>0</AgentRewardsPort><AgentColourMapPort>0</AgentColourMapPort></ClientAgentConnection></MissionInit>
[13:19:42] [EnvServerSocketHandler/INFO]: [STDOUT]: Setting width, height to 640, 360
[13:19:42] [EnvServerSocketHandler/INFO]: [STDOUT]: Gamma: 2.0
[13:19:42] [EnvServerSocketHandler/INFO]: [STDOUT]: FOV: 70.0
[13:19:42] [EnvServerSocketHandler/INFO]: [STDOUT]: GuiScale: 1.0
[13:19:43] [Render thread/WARN]: Ambiguity between arguments [teleport, destination] and [teleport, targets] with inputs: [Player, 0123, @e, dd12be42-52a9-4a91-a8a1-11c01849e498]
[13:19:43] [Render thread/WARN]: Ambiguity between arguments [teleport, location] and [teleport, destination] with inputs: [0.1 -0.5 .9, 0 0 0]
[13:19:43] [Render thread/WARN]: Ambiguity between arguments [teleport, location] and [teleport, targets] with inputs: [0.1 -0.5 .9, 0 0 0]
[13:19:43] [Render thread/WARN]: Ambiguity between arguments [teleport, targets] and [teleport, destination] with inputs: [Player, 0123, dd12be42-52a9-4a91-a8a1-11c01849e498]
[13:19:43] [Render thread/WARN]: Ambiguity between arguments [teleport, targets, location] and [teleport, targets, destination] with inputs: [0.1 -0.5 .9, 0 0 0]
[13:19:43] [Render thread/INFO]: Reloading ResourceManager: Default
[13:19:43] [Render thread/INFO]: Loaded 7 recipes
[13:19:44] [Render thread/INFO]: Loaded 927 advancements
[13:19:44] [Render thread/INFO]: Environment: authHost='https://authserver.mojang.com', accountsHost='https://api.mojang.com', sessionHost='https://sessionserver.mojang.com', servicesHost='https://api.minecraftservices.com', name='PROD'
[13:19:44] [Render thread/INFO]: Starting integrated minecraft server version 1.16.5
[13:19:44] [Render thread/INFO]: Generating keypair
[13:19:51] [Render thread/INFO]: Preparing start region for dimension minecraft:overworld
[13:20:00] [Render thread/INFO]: Changing view distance to 7, from 10
[13:20:00] [Render thread/INFO]: MineRLAgent0[local:E:b3e7bdde] logged in with entity id 438 at (-1021.5, 67.0, 6106.5)
[13:20:00] [Render thread/INFO]: MineRLAgent0 joined the game
[13:20:00] [Render thread/INFO]: [STDOUT]: *** creating fake mouse cursor ***
[13:20:00] [Render thread/INFO]: Preparing spawn area: 1%
[13:20:00] [Render thread/INFO]: Time elapsed: 4 ms
[13:20:01] [Render thread/INFO]: [STDOUT]: Starting new video null
[13:20:01] [Render thread/INFO]: Saving and pausing game...
[13:20:01] [Render thread/INFO]: Saving chunks for level 'ServerLevel[mcpworld702bcbd07eaa]'/minecraft:overworld
[13:20:01] [Render thread/INFO]: Saving chunks for level 'ServerLevel[mcpworld702bcbd07eaa]'/minecraft:the_nether
[13:20:01] [Render thread/INFO]: Saving chunks for level 'ServerLevel[mcpworld702bcbd07eaa]'/minecraft:the_end
[13:20:02] [Render thread/WARN]: Failed to load texture: minecraft:optifine/ctm/default/empty.png
java.io.FileNotFoundException: minecraft:optifine/ctm/default/empty.png
	at net.minecraft.resources.FallbackResourceManager.getResource(FallbackResourceManager.java:66) ~[mcprec-6.13.jar:?]
	at net.minecraft.resources.SimpleReloadableResourceManager.getResource(SimpleReloadableResourceManager.java:63) ~[mcprec-6.13.jar:?]
	at net.minecraft.client.renderer.texture.SimpleTexture$TextureData.getTextureData(SimpleTexture.java:96) ~[mcprec-6.13.jar:?]
	at net.minecraft.client.renderer.texture.SimpleTexture.getTextureData(SimpleTexture.java:72) ~[mcprec-6.13.jar:?]
	at net.minecraft.client.renderer.texture.SimpleTexture.loadTexture(SimpleTexture.java:32) ~[mcprec-6.13.jar:?]
	at net.minecraft.client.renderer.texture.DownloadingTexture.lambda$loadTexture$2(DownloadingTexture.java:95) ~[mcprec-6.13.jar:?]
	at net.minecraft.util.concurrent.ThreadTaskExecutor.run(ThreadTaskExecutor.java:150) [mcprec-6.13.jar:?]
	at net.minecraft.util.concurrent.RecursiveEventLoop.run(RecursiveEventLoop.java:22) [mcprec-6.13.jar:?]
	at net.minecraft.util.concurrent.ThreadTaskExecutor.driveOne(ThreadTaskExecutor.java:124) [mcprec-6.13.jar:?]
	at net.minecraft.util.concurrent.ThreadTaskExecutor.drainTasks(ThreadTaskExecutor.java:107) [mcprec-6.13.jar:?]
	at net.minecraft.client.Minecraft.runGameLoop(Minecraft.java:960) [mcprec-6.13.jar:?]
	at net.minecraft.client.Minecraft.run(Minecraft.java:608) [mcprec-6.13.jar:?]
	at net.minecraft.client.main.Main.main(Main.java:196) [mcprec-6.13.jar:?]
[13:20:02] [Render thread/INFO]: Loaded 0 advancements
[13:20:04] [Render thread/INFO]: [MineRLAgent0: Gamerule sendCommandFeedback is now set to: false]
[13:20:04] [Render thread/INFO]: [MineRLAgent0: Gamerule commandBlockOutput is now set to: false]
[13:20:04] [Render thread/INFO]: [MineRLAgent0: Gamerule keepInventory is now set to: true]
[13:20:04] [Render thread/INFO]: [MineRLAgent0: Applied effect Night Vision to MineRLAgent0]
[13:20:04] [Render thread/INFO]: [MineRLAgent0: Gamerule doDaylightCycle is now set to: false]
[13:20:04] [Render thread/INFO]: [MineRLAgent0: Set the time to 0]
[13:20:04] [Render thread/INFO]: [MineRLAgent0: Gamerule doImmediateRespawn is now set to: true]
[13:20:04] [Render thread/INFO]: [MineRLAgent0: Set spawn point to -1022, 67, 6106 [0.0] in minecraft:overworld for MineRLAgent0]
[13:20:33] [Render thread/INFO]: Loaded 7 advancements
[13:20:48] [Render thread/INFO]: Loaded 10 advancements
[13:21:03] [Render thread/INFO]: Loaded 22 advancements
[13:21:06] [Render thread/INFO]: Loaded 31 advancements
[13:21:09] [Render thread/INFO]: Loaded 34 advancements
[13:21:33] [Render thread/INFO]: MineRLAgent0 has made the advancement [Stone Age]
[13:21:33] [Render thread/INFO]: [CHAT] MineRLAgent0 has made the advancement [Stone Age]
[13:21:33] [Render thread/INFO]: Loaded 49 advancements
[13:25:30] [Render thread/INFO]: Loaded 50 advancements
[13:25:46] [Render thread/INFO]: MineRLAgent0 has made the advancement [Getting an Upgrade]
[13:25:46] [Render thread/INFO]: [CHAT] MineRLAgent0 has made the advancement [Getting an Upgrade]
[13:25:46] [Render thread/INFO]: Loaded 54 advancements
[13:26:13] [Render thread/INFO]: [MineRLAgent0: Changed the block at -1027, 45, 6076]
[13:26:14] [Render thread/INFO]: [MineRLAgent0: Changed the block at -1027, 46, 6076]
[13:26:16] [Render thread/INFO]: Loaded 55 advancements
[13:26:17] [Render thread/INFO]: [STDOUT]: Starting new video null
[13:26:26] [Render thread/INFO]: [MineRLAgent0: Changed the block at -1019, 38, 6071]
[13:26:26] [Render thread/INFO]: [MineRLAgent0: Changed the block at -1018, 37, 6070]
[13:26:28] [Render thread/INFO]: [MineRLAgent0: Changed the block at -1017, 36, 6068]
[13:26:32] [Render thread/INFO]: [MineRLAgent0: Changed the block at -1017, 35, 6067]
[13:26:33] [Render thread/INFO]: [MineRLAgent0: Changed the block at -1018, 34, 6067]
[13:26:36] [Render thread/INFO]: Loaded 65 advancements
[13:26:49] [Render thread/INFO]: Loaded 67 advancements
[13:27:17] [Render thread/INFO]: MineRLAgent0 has made the advancement [Acquire Hardware]
[13:27:17] [Render thread/INFO]: [CHAT] MineRLAgent0 has made the advancement [Acquire Hardware]
[13:27:17] [Render thread/INFO]: Loaded 93 advancements
[13:27:34] [EnvServerSocketHandler/INFO]: [STDOUT]: *** Stopping the replay, returning control to the inputs
