SLF4J: Failed to load class "org.slf4j.impl.StaticLoggerBinder".
SLF4J: Defaulting to no-operation (NOP) logger implementation
SLF4J: See http://www.slf4j.org/codes.html#StaticLoggerBinder for further details.
[10:51:30] [main/INFO]: [OptiFine] (Reflector) Field not found: World.tileEntitiesToBeRemoved
[10:51:30] [main/INFO]: [OptiFine] (Reflector) Class not present: net.minecraftforge.eventbus.api.Event$Result
[10:51:30] [main/INFO]: [OptiFine] (Reflector) Method not present: net.minecraftforge.common.extensions.IForgeBlockState.hasTileEntity
[10:51:30] [main/INFO]: [OptiFine] (Reflector) Class not present: net.minecraftforge.common.extensions.IForgeEntity
[10:51:30] [main/INFO]: [OptiFine] (Reflector) Class not present: net.minecraftforge.fml.CrashReportExtender
[10:51:30] [main/INFO]: [OptiFine] (Reflector) Method not present: net.minecraft.tags.ItemTags.createOptional
[10:51:32] [Render thread/INFO]: [OptiFine] (Reflector) Class not present: net.minecraftforge.client.ForgeHooksClient
[10:51:33] [Render thread/INFO]: Environment: authHost='https://authserver.mojang.com', accountsHost='https://api.mojang.com', sessionHost='https://sessionserver.mojang.com', servicesHost='https://api.minecraftservices.com', name='PROD'
[10:51:33] [Render thread/INFO]: Setting user: Player848
[10:51:33] [Render thread/INFO]: [OptiFine] (Reflector) Class not present: net.minecraftforge.client.settings.KeyConflictContext
[10:51:33] [Render thread/INFO]: [OptiFine] (Reflector) Class not present: net.minecraft.launchwrapper.Launch
[10:51:33] [Render thread/INFO]: Backend library: LWJGL version 3.2.2 SNAPSHOT
[10:51:34] [Render thread/INFO]: [OptiFine] 
[10:51:34] [Render thread/INFO]: [OptiFine] OptiFine_1.16.5_HD_U_G8
[10:51:34] [Render thread/INFO]: [OptiFine] (Reflector) Class not present: optifine.OptiFineResourceLocator
[10:51:34] [Render thread/INFO]: [OptiFine] Build: null
[10:51:34] [Render thread/INFO]: [OptiFine] OS: Linux (amd64) version 6.8.0-87-generic
[10:51:34] [Render thread/INFO]: [OptiFine] Java: 1.8.0_504, Ubuntu
[10:51:34] [Render thread/INFO]: [OptiFine] VM: OpenJDK 64-Bit Server VM (mixed mode), Ubuntu
[10:51:34] [Render thread/INFO]: [OptiFine] LWJGL: 3.3.0 X11 GLX EGL OSMesa clock_gettime evdev shared
[10:51:34] [Render thread/INFO]: [OptiFine] OpenGL: llvmpipe (LLVM 15.0.7, 256 bits), version 4.5 (Compatibility Profile) Mesa 23.2.1-1ubuntu3.1~22.04.4, Mesa
[10:51:34] [Render thread/INFO]: [OptiFine] OpenGL Version: 4.5.0
[10:51:34] [Render thread/INFO]: [OptiFine] Maximum texture size: 16384x16384
[10:51:34] [VersionCheck/INFO]: [OptiFine] Checking for new version
[10:51:34] [Render thread/INFO]: [Shaders] OpenGL Version: 4.5 (Compatibility Profile) Mesa 23.2.1-1ubuntu3.1~22.04.4
[10:51:34] [Render thread/INFO]: [Shaders] Vendor:  Mesa
[10:51:34] [Render thread/INFO]: [Shaders] Renderer: llvmpipe (LLVM 15.0.7, 256 bits)
[10:51:34] [Render thread/INFO]: [Shaders] Capabilities:  2.0  2.1  3.0  3.2  4.0 
[10:51:34] [Render thread/INFO]: [Shaders] GL_MAX_DRAW_BUFFERS: 8
[10:51:34] [Render thread/INFO]: [Shaders] GL_MAX_COLOR_ATTACHMENTS_EXT: 8
[10:51:34] [Render thread/INFO]: [Shaders] GL_MAX_TEXTURE_IMAGE_UNITS: 32
[10:51:34] [Render thread/INFO]: [Shaders] Load shaders configuration.
[10:51:34] [Render thread/INFO]: [Shaders] Save shaders configuration.
[10:51:34] [Render thread/INFO]: [Shaders] No shaderpack loaded.
[10:51:34] [Render thread/INFO]: [OptiFine] (Reflector) Class not present: net.minecraftforge.fml.common.Loader
[10:51:35] [VersionCheck/INFO]: [OptiFine] Version found: G7
[10:51:35] [Render thread/INFO]: [OptiFine] (Reflector) Class not present: net.minecraftforge.client.ItemModelMesherForge
[10:51:35] [Render thread/INFO]: [OptiFine] (Reflector) Class not present: net.minecraftforge.client.model.pipeline.ForgeBlockModelRenderer
[10:51:35] [Render thread/WARN]: ERROR : Couldn't load Narrator library : Unable to load library 'fliteWrapper': Can't obtain InputStream for linux-x86-64/libfliteWrapper.so
[10:51:36] [Render thread/INFO]: [OptiFine] (Reflector) Class not present: net.minecraftforge.fml.client.gui.screen.ModListScreen
[10:51:36] [Render thread/INFO]: Reloading ResourceManager: Default
[10:51:36] [Render thread/INFO]: [OptiFine] *** Reloading textures ***
[10:51:36] [Render thread/INFO]: [OptiFine] Resource packs: Default
[10:51:36] [Worker-Main-14/INFO]: [OptiFine] (Reflector) Class not present: net.minecraftforge.client.model.ModelLoaderRegistry
[10:51:36] [Render thread/INFO]: [OptiFine] (Reflector) Method not present: net.minecraft.client.renderer.RenderTypeLookup.canRenderInLayer
[10:51:36] [Render thread/INFO]: [OptiFine] *** Reflector Forge ***
[10:51:36] [Render thread/INFO]: [OptiFine] (Reflector) Class not present: mods.betterfoliage.client.BetterFoliageClient
[10:51:36] [Render thread/INFO]: [OptiFine] (Reflector) Class not present: net.minecraftforge.fml.BrandingControl
[10:51:36] [Render thread/INFO]: [OptiFine] (Reflector) Class not present: net.minecraftforge.common.capabilities.ICapabilityProvider
[10:51:36] [Render thread/INFO]: [OptiFine] (Reflector) Class not present: net.minecraftforge.common.capabilities.CapabilityProvider
[10:51:36] [Render thread/INFO]: [OptiFine] (Reflector) Class not present: net.minecraftforge.fml.client.ClientModLoader
[10:51:36] [Render thread/INFO]: [OptiFine] (Reflector) Class not present: net.minecraftforge.event.world.ChunkDataEvent$Save
[10:51:36] [Render thread/INFO]: [OptiFine] (Reflector) Class not present: net.minecraftforge.event.world.ChunkEvent$Load
[10:51:36] [Render thread/INFO]: [OptiFine] (Reflector) Class not present: net.minecraftforge.event.world.ChunkEvent$Unload
[10:51:36] [Render thread/INFO]: [OptiFine] (Reflector) Class not present: net.minecraftforge.fml.client.ClientHooks
[10:51:36] [Render thread/INFO]: [OptiFine] (Reflector) Class not present: net.minecraftforge.client.event.GuiScreenEvent$DrawScreenEvent$Pre
[10:51:36] [Render thread/INFO]: [OptiFine] (Reflector) Class not present: net.minecraftforge.client.event.GuiScreenEvent$DrawScreenEvent$Post
[10:51:36] [Render thread/INFO]: [OptiFine] (Reflector) Method not present: net.minecraftforge.fml.loading.progress.EarlyProgressVisualization.handOffWindow
[10:51:36] [Render thread/INFO]: [OptiFine] (Reflector) Class not present: net.minecraftforge.event.entity.EntityLeaveWorldEvent
[10:51:36] [Render thread/INFO]: [OptiFine] (Reflector) Class not present: net.minecraftforge.client.event.EntityViewRenderEvent$CameraSetup
[10:51:36] [Render thread/INFO]: [OptiFine] (Reflector) Class not present: net.minecraftforge.client.event.EntityViewRenderEvent$FogColors
[10:51:36] [Render thread/INFO]: [OptiFine] (Reflector) Class not present: net.minecraftforge.client.event.EntityViewRenderEvent$RenderFogEvent
[10:51:36] [Render thread/INFO]: [OptiFine] (Reflector) Class not present: net.minecraftforge.event.entity.EntityJoinWorldEvent
[10:51:36] [Render thread/INFO]: [OptiFine] (Reflector) Method not present: net.minecraftforge.eventbus.api.Event.isCanceled
[10:51:36] [Render thread/INFO]: [OptiFine] (Reflector) Method not present: net.minecraftforge.eventbus.api.Event.getResult
[10:51:36] [Render thread/INFO]: [OptiFine] (Reflector) Class not present: net.minecraftforge.eventbus.api.IEventBus
[10:51:36] [Render thread/INFO]: [OptiFine] (Reflector) Class not present: net.minecraftforge.common.extensions.IForgeBlock
[10:51:36] [Render thread/INFO]: [OptiFine] (Reflector) Method not present: net.minecraft.client.renderer.BlockModelShapes.getTexture
[10:51:36] [Render thread/INFO]: [OptiFine] (Reflector) Method not present: net.minecraftforge.common.extensions.IForgeBlockState.addDestroyEffects
[10:51:36] [Render thread/INFO]: [OptiFine] (Reflector) Method not present: net.minecraftforge.common.extensions.IForgeBlockState.addHitEffects
[10:51:36] [Render thread/INFO]: [OptiFine] (Reflector) Method not present: net.minecraftforge.common.extensions.IForgeBlockState.getLightValue
[10:51:36] [Render thread/INFO]: [OptiFine] (Reflector) Method not present: net.minecraftforge.common.extensions.IForgeBlockState.getSoundType
[10:51:36] [Render thread/INFO]: [OptiFine] (Reflector) Method not present: net.minecraftforge.common.extensions.IForgeBlockState.getStateAtViewpoint
[10:51:36] [Render thread/INFO]: [OptiFine] (Reflector) Method not present: net.minecraftforge.common.extensions.IForgeBlockState.isAir
[10:51:36] [Render thread/INFO]: [OptiFine] (Reflector) Method not present: net.minecraftforge.common.extensions.IForgeBlockState.shouldDisplayFluidOverlay
[10:51:36] [Render thread/INFO]: [OptiFine] (Reflector) Class not present: net.minecraftforge.common.extensions.IForgeFluid
[10:51:36] [Render thread/INFO]: [OptiFine] (Reflector) Class not present: net.minecraftforge.fluids.FluidAttributes
[10:51:36] [Worker-Main-9/INFO]: [OptiFine] Multitexture: false
[10:51:36] [Worker-Main-12/INFO]: [OptiFine] Multitexture: false
[10:51:36] [Worker-Main-10/INFO]: [OptiFine] Multitexture: false
[10:51:36] [Render thread/INFO]: [OptiFine] (Reflector) Method not present: net.minecraft.entity.EntityType.getTags
[10:51:36] [Render thread/INFO]: [OptiFine] (Reflector) Class not present: net.minecraftforge.event.ForgeEventFactory
[10:51:36] [Render thread/INFO]: [OptiFine] (Reflector) Method not present: net.minecraft.fluid.Fluid.getTags
[10:51:36] [Render thread/INFO]: [OptiFine] (Reflector) Class not present: net.minecraftforge.common.ForgeHooks
[10:51:36] [Render thread/INFO]: [OptiFine] (Reflector) Class not present: net.minecraftforge.common.ForgeConfig
[10:51:36] [Render thread/INFO]: [OptiFine] (Reflector) Class not present: net.minecraftforge.common.ForgeConfig$Client
[10:51:36] [Render thread/INFO]: [OptiFine] (Reflector) Class not present: net.minecraftforge.common.ForgeConfigSpec
[10:51:36] [Render thread/INFO]: [OptiFine] (Reflector) Class not present: net.minecraftforge.common.ForgeConfigSpec$ConfigValue
[10:51:36] [Render thread/INFO]: [OptiFine] (Reflector) Method not present: net.minecraft.world.chunk.IChunk.getWorldForge
[10:51:36] [Render thread/INFO]: [OptiFine] (Reflector) Class not present: net.minecraftforge.common.extensions.IForgeItem
[10:51:36] [Render thread/INFO]: [OptiFine] (Reflector) Class not present: net.minecraftforge.common.extensions.IForgeItemStack
[10:51:36] [Render thread/INFO]: [OptiFine] (Reflector) Class not present: net.minecraftforge.fml.ForgeI18n
[10:51:36] [Render thread/INFO]: [OptiFine] (Reflector) Method not present: net.minecraft.client.settings.KeyBinding.setKeyConflictContext
[10:51:36] [Render thread/INFO]: [OptiFine] (Reflector) Method not present: net.minecraft.client.settings.KeyBinding.setKeyModifierAndCode
[10:51:36] [Render thread/INFO]: [OptiFine] (Reflector) Method not present: net.minecraft.client.settings.KeyBinding.getKeyModifier
[10:51:36] [Render thread/INFO]: [OptiFine] (Reflector) Class not present: net.minecraftforge.common.extensions.IForgeEffectInstance
[10:51:36] [Render thread/INFO]: [OptiFine] (Reflector) Class not present: net.minecraftforge.registries.ForgeRegistryEntry
[10:51:36] [Render thread/INFO]: [OptiFine] (Reflector) Method not present: net.minecraft.client.renderer.RenderTypeLookup.canRenderInLayer
[10:51:36] [Render thread/INFO]: [OptiFine] (Reflector) Constructor not present: net.minecraft.world.server.Ticket, params: class net.minecraft.world.server.TicketType, int, class java.lang.Object, boolean
[10:51:36] [Render thread/INFO]: [OptiFine] (Reflector) Method not present: net.minecraft.world.server.Ticket.isForceTicks
[10:51:36] [Render thread/INFO]: [OptiFine] (Reflector) Class not present: net.minecraftforge.common.extensions.IForgeTileEntity
[10:51:36] [Render thread/INFO]: [OptiFine] (Reflector) Method not present: net.minecraft.client.world.DimensionRenderInfo.getCloudRenderHandler
[10:51:36] [Render thread/INFO]: [OptiFine] (Reflector) Method not present: net.minecraft.client.world.DimensionRenderInfo.getSkyRenderHandler
[10:51:36] [Render thread/INFO]: [OptiFine] (Reflector) Method not present: net.minecraft.client.world.DimensionRenderInfo.getWeatherParticleRenderHandler
[10:51:36] [Render thread/INFO]: [OptiFine] (Reflector) Method not present: net.minecraft.client.world.DimensionRenderInfo.getWeatherRenderHandler
[10:51:36] [Render thread/INFO]: [OptiFine] (Reflector) Class not present: net.minecraftforge.client.IRenderHandler
[10:51:36] [Render thread/INFO]: [OptiFine] (Reflector) Class not present: net.minecraftforge.client.settings.KeyModifier
[10:51:36] [Render thread/INFO]: [OptiFine] (Reflector) Class not present: net.minecraftforge.client.model.pipeline.LightUtil
[10:51:36] [Render thread/INFO]: [OptiFine] (Reflector) Class not present: net.minecraftforge.common.MinecraftForge
[10:51:36] [Render thread/INFO]: [OptiFine] (Reflector) Class not present: net.minecraftforge.client.MinecraftForgeClient
[10:51:36] [Render thread/INFO]: [OptiFine] (Reflector) Class not present: net.minecraftforge.fml.common.ModContainer
[10:51:36] [Render thread/INFO]: [OptiFine] (Reflector) Class not present: net.minecraftforge.client.gui.NotificationModUpdateScreen
[10:51:36] [Render thread/INFO]: [OptiFine] (Reflector) Class not present: net.minecraftforge.entity.PartEntity
[10:51:36] [Render thread/INFO]: [OptiFine] (Reflector) Class not present: net.minecraftforge.event.entity.PlaySoundAtEntityEvent
[10:51:36] [Render thread/INFO]: [OptiFine] (Reflector) Class not present: net.minecraftforge.client.event.RenderBlockOverlayEvent$OverlayType
[10:51:36] [Render thread/INFO]: [OptiFine] (Reflector) Class not present: net.minecraftforge.fml.client.registry.RenderingRegistry
[10:51:36] [Render thread/INFO]: [OptiFine] (Reflector) Class not present: net.minecraftforge.client.event.RenderGameOverlayEvent$BossInfo
[10:51:36] [Render thread/INFO]: [OptiFine] (Reflector) Class not present: net.minecraftforge.client.event.RenderItemInFrameEvent
[10:51:36] [Render thread/INFO]: [OptiFine] (Reflector) Class not present: net.minecraftforge.client.event.RenderLivingEvent$Pre
[10:51:36] [Render thread/INFO]: [OptiFine] (Reflector) Class not present: net.minecraftforge.client.event.RenderLivingEvent$Post
[10:51:36] [Render thread/INFO]: [OptiFine] (Reflector) Class not present: net.minecraftforge.client.event.RenderNameplateEvent
[10:51:36] [Render thread/INFO]: [OptiFine] (Reflector) Class not present: net.minecraftforge.client.event.ScreenshotEvent
[10:51:36] [Render thread/INFO]: [OptiFine] (Reflector) Class not present: net.minecraftforge.fml.server.ServerLifecycleHooks
[10:51:36] [Render thread/INFO]: [OptiFine] (Reflector) Class not present: net.minecraftforge.event.world.WorldEvent$Load
[10:51:36] [Render thread/INFO]: [OptiFine] *** Reflector Vanilla ***
[10:51:36] [Realms Notification Availability checker #1/INFO]: Could not authorize you against Realms server: java.lang.RuntimeException: Failed to parse into SignedJWT: null
[10:51:37] [Worker-Main-14/INFO]: [OptiFine] Multitexture: false
[10:51:37] [Worker-Main-14/INFO]: [OptiFine] Multipass connected textures: false
[10:51:38] [Worker-Main-14/INFO]: [OptiFine] Mipmap levels: 4
[10:51:38] [Worker-Main-8/ERROR]: Using missing texture, unable to load minecraft:optifine/ctm/default/empty.png : java.io.FileNotFoundException: minecraft:optifine/ctm/default/empty.png
[10:51:38] [Worker-Main-14/INFO]: [OptiFine] Multitexture: false
[10:51:38] [Worker-Main-14/INFO]: [OptiFine] Sprite size: 64
[10:51:38] [Worker-Main-14/INFO]: [OptiFine] Mipmap levels: 6
[10:51:38] [Worker-Main-14/INFO]: [OptiFine] Multitexture: false
[10:51:38] [Worker-Main-14/INFO]: [OptiFine] Sprite size: 64
[10:51:38] [Worker-Main-14/INFO]: [OptiFine] Mipmap levels: 6
[10:51:38] [Worker-Main-14/INFO]: [OptiFine] Multitexture: false
[10:51:38] [Worker-Main-14/INFO]: [OptiFine] Sprite size: 64
[10:51:38] [Worker-Main-14/INFO]: [OptiFine] Mipmap levels: 6
[10:51:38] [Worker-Main-14/INFO]: [OptiFine] Multitexture: false
[10:51:38] [Worker-Main-14/INFO]: [OptiFine] Sprite size: 64
[10:51:38] [Worker-Main-14/INFO]: [OptiFine] Mipmap levels: 6
[10:51:38] [Worker-Main-14/INFO]: [OptiFine] Multitexture: false
[10:51:38] [Worker-Main-14/INFO]: [OptiFine] Sprite size: 64
[10:51:38] [Worker-Main-14/INFO]: [OptiFine] Mipmap levels: 6
[10:51:38] [Worker-Main-14/INFO]: [OptiFine] Multitexture: false
[10:51:38] [Worker-Main-14/INFO]: [OptiFine] Sprite size: 64
[10:51:38] [Worker-Main-14/INFO]: [OptiFine] Mipmap levels: 6
ALSA lib confmisc.c:855:(parse_card) cannot find card '0'
ALSA lib conf.c:5182:(_snd_config_evaluate) function snd_func_card_inum returned error: No such file or directory
ALSA lib confmisc.c:422:(snd_func_concat) error evaluating strings
ALSA lib conf.c:5182:(_snd_config_evaluate) function snd_func_concat returned error: No such file or directory
ALSA lib confmisc.c:1334:(snd_func_refer) error evaluating name
ALSA lib conf.c:5182:(_snd_config_evaluate) function snd_func_refer returned error: No such file or directory
ALSA lib conf.c:5705:(snd_config_expand) Evaluate error: No such file or directory
ALSA lib pcm.c:2664:(snd_pcm_open_noupdate) Unknown PCM default
AL lib: (EE) ALCplaybackAlsa_open: Could not open playback device 'default': No such file or directory
ALSA lib confmisc.c:855:(parse_card) cannot find card '0'
ALSA lib conf.c:5182:(_snd_config_evaluate) function snd_func_card_inum returned error: No such file or directory
ALSA lib confmisc.c:422:(snd_func_concat) error evaluating strings
ALSA lib conf.c:5182:(_snd_config_evaluate) function snd_func_concat returned error: No such file or directory
ALSA lib confmisc.c:1334:(snd_func_refer) error evaluating name
ALSA lib conf.c:5182:(_snd_config_evaluate) function snd_func_refer returned error: No such file or directory
ALSA lib conf.c:5705:(snd_config_expand) Evaluate error: No such file or directory
ALSA lib pcm.c:2664:(snd_pcm_open_noupdate) Unknown PCM default
AL lib: (EE) ALCplaybackAlsa_open: Could not open playback device 'default': No such file or directory
ALSA lib confmisc.c:855:(parse_card) cannot find card '0'
ALSA lib conf.c:5182:(_snd_config_evaluate) function snd_func_card_inum returned error: No such file or directory
ALSA lib confmisc.c:422:(snd_func_concat) error evaluating strings
ALSA lib conf.c:5182:(_snd_config_evaluate) function snd_func_concat returned error: No such file or directory
ALSA lib confmisc.c:1334:(snd_func_refer) error evaluating name
ALSA lib conf.c:5182:(_snd_config_evaluate) function snd_func_refer returned error: No such file or directory
ALSA lib conf.c:5705:(snd_config_expand) Evaluate error: No such file or directory
ALSA lib pcm.c:2664:(snd_pcm_open_noupdate) Unknown PCM default
AL lib: (EE) ALCplaybackAlsa_open: Could not open playback device 'default': No such file or directory
[10:51:38] [Render thread/ERROR]: Error starting SoundSystem. Turning off sounds & music
java.lang.IllegalStateException: Failed to open OpenAL device
	at net.minecraft.client.audio.SoundSystem.openDevice(SoundSystem.java:135) ~[mcprec-6.13.jar:?]
	at net.minecraft.client.audio.SoundSystem.init(SoundSystem.java:51) ~[mcprec-6.13.jar:?]
	at net.minecraft.client.audio.SoundEngine.load(SoundEngine.java:83) ~[mcprec-6.13.jar:?]
	at net.minecraft.client.audio.SoundEngine.reload(SoundEngine.java:77) ~[mcprec-6.13.jar:?]
	at net.minecraft.client.audio.SoundHandler.apply(SoundHandler.java:110) ~[mcprec-6.13.jar:?]
	at net.minecraft.client.audio.SoundHandler.apply(SoundHandler.java:34) ~[mcprec-6.13.jar:?]
	at net.minecraft.client.resources.ReloadListener.lambda$reload$1(ReloadListener.java:17) ~[mcprec-6.13.jar:?]
	at java.util.concurrent.CompletableFuture.uniAccept(CompletableFuture.java:670) ~[?:1.8.0_504]
	at java.util.concurrent.CompletableFuture$UniAccept.tryFire(CompletableFuture.java:646) ~[?:1.8.0_504]
	at java.util.concurrent.CompletableFuture$Completion.run(CompletableFuture.java:456) ~[?:1.8.0_504]
	at net.minecraft.resources.AsyncReloader.lambda$null$3(AsyncReloader.java:71) ~[mcprec-6.13.jar:?]
	at net.minecraft.util.concurrent.ThreadTaskExecutor.execute(ThreadTaskExecutor.java:92) ~[mcprec-6.13.jar:?]
	at net.minecraft.resources.AsyncReloader.lambda$new$4(AsyncReloader.java:70) ~[mcprec-6.13.jar:?]
	at java.util.concurrent.CompletableFuture$UniCompletion.claim(CompletableFuture.java:543) ~[?:1.8.0_504]
	at java.util.concurrent.CompletableFuture.uniAccept(CompletableFuture.java:667) ~[?:1.8.0_504]
	at java.util.concurrent.CompletableFuture$UniAccept.tryFire(CompletableFuture.java:646) ~[?:1.8.0_504]
	at java.util.concurrent.CompletableFuture.postComplete(CompletableFuture.java:488) ~[?:1.8.0_504]
	at java.util.concurrent.CompletableFuture.postFire(CompletableFuture.java:575) ~[?:1.8.0_504]
	at java.util.concurrent.CompletableFuture$UniAccept.tryFire(CompletableFuture.java:649) ~[?:1.8.0_504]
	at java.util.concurrent.CompletableFuture$Completion.run(CompletableFuture.java:456) ~[?:1.8.0_504]
	at com.mojang.blaze3d.systems.RenderSystem.replayQueue(RenderSystem.java:101) [mcprec-6.13.jar:?]
	at com.mojang.blaze3d.systems.RenderSystem.flipFrame(RenderSystem.java:90) [mcprec-6.13.jar:?]
	at net.minecraft.client.MainWindow.flipFrame(MainWindow.java:356) [mcprec-6.13.jar:?]
	at net.minecraft.client.Minecraft.runGameLoop(Minecraft.java:1021) [mcprec-6.13.jar:?]
	at net.minecraft.client.Minecraft.run(Minecraft.java:608) [mcprec-6.13.jar:?]
	at net.minecraft.client.main.Main.main(Main.java:196) [mcprec-6.13.jar:?]
[10:51:38] [Render thread/INFO]: Created: 1024x512x4 minecraft:textures/atlas/blocks.png-atlas
[10:51:39] [Render thread/WARN]: [OptiFine] Missing CTM sprite: minecraft:optifine/ctm/default/empty
[10:51:39] [Render thread/INFO]: [OptiFine] Animated sprites: 43
[10:51:39] [Render thread/INFO]: Created: 256x128x4 minecraft:textures/atlas/signs.png-atlas
[10:51:39] [Render thread/INFO]: [OptiFine] Animated sprites: 0
[10:51:39] [Render thread/INFO]: Created: 512x512x4 minecraft:textures/atlas/banner_patterns.png-atlas
[10:51:39] [Render thread/INFO]: [OptiFine] Animated sprites: 0
[10:51:39] [Render thread/INFO]: Created: 512x512x4 minecraft:textures/atlas/shield_patterns.png-atlas
[10:51:39] [Render thread/INFO]: [OptiFine] Animated sprites: 0
[10:51:39] [Render thread/INFO]: Created: 256x256x4 minecraft:textures/atlas/chest.png-atlas
[10:51:39] [Render thread/INFO]: [OptiFine] Animated sprites: 0
[10:51:39] [Render thread/INFO]: Created: 512x256x4 minecraft:textures/atlas/beds.png-atlas
[10:51:39] [Render thread/INFO]: [OptiFine] Animated sprites: 0
[10:51:39] [Render thread/INFO]: Created: 512x256x4 minecraft:textures/atlas/shulker_boxes.png-atlas
[10:51:39] [Render thread/INFO]: [OptiFine] Animated sprites: 0
[10:51:39] [Render thread/INFO]: Created: 256x256x0 minecraft:textures/atlas/particles.png-atlas
[10:51:39] [Render thread/INFO]: [OptiFine] Animated sprites: 0
[10:51:39] [Render thread/INFO]: Created: 256x256x0 minecraft:textures/atlas/paintings.png-atlas
[10:51:39] [Render thread/INFO]: [OptiFine] Animated sprites: 0
[10:51:39] [Render thread/INFO]: Created: 128x128x0 minecraft:textures/atlas/mob_effects.png-atlas
[10:51:39] [Render thread/INFO]: [OptiFine] Animated sprites: 0
[10:51:39] [Render thread/INFO]: [OptiFine] *** Reloading custom textures ***
[10:51:40] [Render thread/INFO]: [OptiFine] Disable Forge light pipeline
[10:51:41] [Thread-5/INFO]: [STDOUT]: ***** Start MalmoEnvServer on port 12514
[10:51:41] [Thread-5/INFO]: [STDOUT]: CLIENT enter state: DORMANT
