SLF4J: Failed to load class "org.slf4j.impl.StaticLoggerBinder".
SLF4J: Defaulting to no-operation (NOP) logger implementation
SLF4J: See http://www.slf4j.org/codes.html#StaticLoggerBinder for further details.
[15:27:14] [main/INFO]: [OptiFine] (Reflector) Field not found: World.tileEntitiesToBeRemoved
[15:27:14] [main/INFO]: [OptiFine] (Reflector) Class not present: net.minecraftforge.eventbus.api.Event$Result
[15:27:14] [main/INFO]: [OptiFine] (Reflector) Method not present: net.minecraftforge.common.extensions.IForgeBlockState.hasTileEntity
[15:27:14] [main/INFO]: [OptiFine] (Reflector) Class not present: net.minecraftforge.common.extensions.IForgeEntity
[15:27:14] [main/INFO]: [OptiFine] (Reflector) Class not present: net.minecraftforge.fml.CrashReportExtender
[15:27:15] [main/INFO]: [OptiFine] (Reflector) Method not present: net.minecraft.tags.ItemTags.createOptional
[15:27:17] [Render thread/INFO]: [OptiFine] (Reflector) Class not present: net.minecraftforge.client.ForgeHooksClient
[15:27:17] [Render thread/INFO]: Environment: authHost='https://authserver.mojang.com', accountsHost='https://api.mojang.com', sessionHost='https://sessionserver.mojang.com', servicesHost='https://api.minecraftservices.com', name='PROD'
[15:27:17] [Render thread/INFO]: Setting user: Player102
[15:27:18] [Render thread/INFO]: [OptiFine] (Reflector) Class not present: net.minecraftforge.client.settings.KeyConflictContext
[15:27:18] [Render thread/INFO]: [OptiFine] (Reflector) Class not present: net.minecraft.launchwrapper.Launch
[15:27:18] [Render thread/INFO]: Backend library: LWJGL version 3.2.2 SNAPSHOT
[15:27:18] [Render thread/INFO]: [OptiFine] 
[15:27:18] [Render thread/INFO]: [OptiFine] OptiFine_1.16.5_HD_U_G8
[15:27:18] [Render thread/INFO]: [OptiFine] (Reflector) Class not present: optifine.OptiFineResourceLocator
[15:27:18] [Render thread/INFO]: [OptiFine] Build: null
[15:27:18] [Render thread/INFO]: [OptiFine] OS: Linux (amd64) version 6.8.0-87-generic
[15:27:18] [Render thread/INFO]: [OptiFine] Java: 1.8.0_504, Ubuntu
[15:27:18] [Render thread/INFO]: [OptiFine] VM: OpenJDK 64-Bit Server VM (mixed mode), Ubuntu
[15:27:18] [Render thread/INFO]: [OptiFine] LWJGL: 3.3.0 X11 GLX EGL OSMesa clock_gettime evdev shared
[15:27:18] [Render thread/INFO]: [OptiFine] OpenGL: llvmpipe (LLVM 15.0.7, 256 bits), version 4.5 (Compatibility Profile) Mesa 23.2.1-1ubuntu3.1~22.04.4, Mesa
[15:27:18] [Render thread/INFO]: [OptiFine] OpenGL Version: 4.5.0
[15:27:18] [Render thread/INFO]: [OptiFine] Maximum texture size: 16384x16384
[15:27:18] [VersionCheck/INFO]: [OptiFine] Checking for new version
[15:27:18] [Render thread/INFO]: [Shaders] OpenGL Version: 4.5 (Compatibility Profile) Mesa 23.2.1-1ubuntu3.1~22.04.4
[15:27:18] [Render thread/INFO]: [Shaders] Vendor:  Mesa
[15:27:18] [Render thread/INFO]: [Shaders] Renderer: llvmpipe (LLVM 15.0.7, 256 bits)
[15:27:18] [Render thread/INFO]: [Shaders] Capabilities:  2.0  2.1  3.0  3.2  4.0 
[15:27:18] [Render thread/INFO]: [Shaders] GL_MAX_DRAW_BUFFERS: 8
[15:27:18] [Render thread/INFO]: [Shaders] GL_MAX_COLOR_ATTACHMENTS_EXT: 8
[15:27:18] [Render thread/INFO]: [Shaders] GL_MAX_TEXTURE_IMAGE_UNITS: 32
[15:27:18] [Render thread/INFO]: [Shaders] Load shaders configuration.
[15:27:18] [Render thread/INFO]: [Shaders] Save shaders configuration.
[15:27:18] [Render thread/INFO]: [Shaders] No shaderpack loaded.
[15:27:18] [Render thread/INFO]: [OptiFine] (Reflector) Class not present: net.minecraftforge.fml.common.Loader
[15:27:19] [VersionCheck/INFO]: [OptiFine] Version found: G7
[15:27:19] [Render thread/INFO]: [OptiFine] (Reflector) Class not present: net.minecraftforge.client.ItemModelMesherForge
[15:27:19] [Render thread/INFO]: [OptiFine] (Reflector) Class not present: net.minecraftforge.client.model.pipeline.ForgeBlockModelRenderer
[15:27:20] [Render thread/WARN]: ERROR : Couldn't load Narrator library : Unable to load library 'fliteWrapper': Can't obtain InputStream for linux-x86-64/libfliteWrapper.so
[15:27:20] [Render thread/INFO]: [OptiFine] (Reflector) Class not present: net.minecraftforge.fml.client.gui.screen.ModListScreen
[15:27:20] [Render thread/INFO]: Reloading ResourceManager: Default
[15:27:20] [Render thread/INFO]: [OptiFine] *** Reloading textures ***
[15:27:20] [Render thread/INFO]: [OptiFine] Resource packs: Default
[15:27:20] [Render thread/INFO]: [OptiFine] (Reflector) Method not present: net.minecraft.client.renderer.RenderTypeLookup.canRenderInLayer
[15:27:20] [Render thread/INFO]: [OptiFine] *** Reflector Forge ***
[15:27:20] [Render thread/INFO]: [OptiFine] (Reflector) Class not present: mods.betterfoliage.client.BetterFoliageClient
[15:27:20] [Render thread/INFO]: [OptiFine] (Reflector) Class not present: net.minecraftforge.fml.BrandingControl
[15:27:20] [Render thread/INFO]: [OptiFine] (Reflector) Class not present: net.minecraftforge.common.capabilities.ICapabilityProvider
[15:27:20] [Render thread/INFO]: [OptiFine] (Reflector) Class not present: net.minecraftforge.common.capabilities.CapabilityProvider
[15:27:20] [Render thread/INFO]: [OptiFine] (Reflector) Class not present: net.minecraftforge.fml.client.ClientModLoader
[15:27:20] [Render thread/INFO]: [OptiFine] (Reflector) Class not present: net.minecraftforge.event.world.ChunkDataEvent$Save
[15:27:20] [Render thread/INFO]: [OptiFine] (Reflector) Class not present: net.minecraftforge.event.world.ChunkEvent$Load
[15:27:20] [Render thread/INFO]: [OptiFine] (Reflector) Class not present: net.minecraftforge.event.world.ChunkEvent$Unload
[15:27:20] [Render thread/INFO]: [OptiFine] (Reflector) Class not present: net.minecraftforge.fml.client.ClientHooks
[15:27:20] [Render thread/INFO]: [OptiFine] (Reflector) Class not present: net.minecraftforge.client.event.GuiScreenEvent$DrawScreenEvent$Pre
[15:27:20] [Render thread/INFO]: [OptiFine] (Reflector) Class not present: net.minecraftforge.client.event.GuiScreenEvent$DrawScreenEvent$Post
[15:27:20] [Render thread/INFO]: [OptiFine] (Reflector) Method not present: net.minecraftforge.fml.loading.progress.EarlyProgressVisualization.handOffWindow
[15:27:20] [Render thread/INFO]: [OptiFine] (Reflector) Class not present: net.minecraftforge.event.entity.EntityLeaveWorldEvent
[15:27:20] [Render thread/INFO]: [OptiFine] (Reflector) Class not present: net.minecraftforge.client.event.EntityViewRenderEvent$CameraSetup
[15:27:20] [Render thread/INFO]: [OptiFine] (Reflector) Class not present: net.minecraftforge.client.event.EntityViewRenderEvent$FogColors
[15:27:20] [Render thread/INFO]: [OptiFine] (Reflector) Class not present: net.minecraftforge.client.event.EntityViewRenderEvent$RenderFogEvent
[15:27:20] [Render thread/INFO]: [OptiFine] (Reflector) Class not present: net.minecraftforge.event.entity.EntityJoinWorldEvent
[15:27:20] [Render thread/INFO]: [OptiFine] (Reflector) Method not present: net.minecraftforge.eventbus.api.Event.isCanceled
[15:27:20] [Render thread/INFO]: [OptiFine] (Reflector) Method not present: net.minecraftforge.eventbus.api.Event.getResult
[15:27:20] [Render thread/INFO]: [OptiFine] (Reflector) Class not present: net.minecraftforge.eventbus.api.IEventBus
[15:27:20] [Render thread/INFO]: [OptiFine] (Reflector) Class not present: net.minecraftforge.common.extensions.IForgeBlock
[15:27:20] [Render thread/INFO]: [OptiFine] (Reflector) Method not present: net.minecraft.client.renderer.BlockModelShapes.getTexture
[15:27:20] [Render thread/INFO]: [OptiFine] (Reflector) Method not present: net.minecraftforge.common.extensions.IForgeBlockState.addDestroyEffects
[15:27:20] [Render thread/INFO]: [OptiFine] (Reflector) Method not present: net.minecraftforge.common.extensions.IForgeBlockState.addHitEffects
[15:27:20] [Render thread/INFO]: [OptiFine] (Reflector) Method not present: net.minecraftforge.common.extensions.IForgeBlockState.getLightValue
[15:27:20] [Worker-Main-13/INFO]: [OptiFine] (Reflector) Class not present: net.minecraftforge.client.model.ModelLoaderRegistry
[15:27:20] [Render thread/INFO]: [OptiFine] (Reflector) Method not present: net.minecraftforge.common.extensions.IForgeBlockState.getSoundType
[15:27:20] [Render thread/INFO]: [OptiFine] (Reflector) Method not present: net.minecraftforge.common.extensions.IForgeBlockState.getStateAtViewpoint
[15:27:20] [Render thread/INFO]: [OptiFine] (Reflector) Method not present: net.minecraftforge.common.extensions.IForgeBlockState.isAir
[15:27:20] [Render thread/INFO]: [OptiFine] (Reflector) Method not present: net.minecraftforge.common.extensions.IForgeBlockState.shouldDisplayFluidOverlay
[15:27:20] [Render thread/INFO]: [OptiFine] (Reflector) Class not present: net.minecraftforge.common.extensions.IForgeFluid
[15:27:20] [Render thread/INFO]: [OptiFine] (Reflector) Class not present: net.minecraftforge.fluids.FluidAttributes
[15:27:20] [Render thread/INFO]: [OptiFine] (Reflector) Method not present: net.minecraft.entity.EntityType.getTags
[15:27:20] [Render thread/INFO]: [OptiFine] (Reflector) Class not present: net.minecraftforge.event.ForgeEventFactory
[15:27:20] [Render thread/INFO]: [OptiFine] (Reflector) Method not present: net.minecraft.fluid.Fluid.getTags
[15:27:20] [Render thread/INFO]: [OptiFine] (Reflector) Class not present: net.minecraftforge.common.ForgeHooks
[15:27:20] [Render thread/INFO]: [OptiFine] (Reflector) Class not present: net.minecraftforge.common.ForgeConfig
[15:27:20] [Render thread/INFO]: [OptiFine] (Reflector) Class not present: net.minecraftforge.common.ForgeConfig$Client
[15:27:20] [Render thread/INFO]: [OptiFine] (Reflector) Class not present: net.minecraftforge.common.ForgeConfigSpec
[15:27:20] [Render thread/INFO]: [OptiFine] (Reflector) Class not present: net.minecraftforge.common.ForgeConfigSpec$ConfigValue
[15:27:20] [Render thread/INFO]: [OptiFine] (Reflector) Method not present: net.minecraft.world.chunk.IChunk.getWorldForge
[15:27:20] [Render thread/INFO]: [OptiFine] (Reflector) Class not present: net.minecraftforge.common.extensions.IForgeItem
[15:27:20] [Render thread/INFO]: [OptiFine] (Reflector) Class not present: net.minecraftforge.common.extensions.IForgeItemStack
[15:27:20] [Render thread/INFO]: [OptiFine] (Reflector) Class not present: net.minecraftforge.fml.ForgeI18n
[15:27:20] [Render thread/INFO]: [OptiFine] (Reflector) Method not present: net.minecraft.client.settings.KeyBinding.setKeyConflictContext
[15:27:20] [Render thread/INFO]: [OptiFine] (Reflector) Method not present: net.minecraft.client.settings.KeyBinding.setKeyModifierAndCode
[15:27:20] [Render thread/INFO]: [OptiFine] (Reflector) Method not present: net.minecraft.client.settings.KeyBinding.getKeyModifier
[15:27:20] [Render thread/INFO]: [OptiFine] (Reflector) Class not present: net.minecraftforge.common.extensions.IForgeEffectInstance
[15:27:20] [Render thread/INFO]: [OptiFine] (Reflector) Class not present: net.minecraftforge.registries.ForgeRegistryEntry
[15:27:20] [Render thread/INFO]: [OptiFine] (Reflector) Method not present: net.minecraft.client.renderer.RenderTypeLookup.canRenderInLayer
[15:27:20] [Render thread/INFO]: [OptiFine] (Reflector) Constructor not present: net.minecraft.world.server.Ticket, params: class net.minecraft.world.server.TicketType, int, class java.lang.Object, boolean
[15:27:20] [Render thread/INFO]: [OptiFine] (Reflector) Method not present: net.minecraft.world.server.Ticket.isForceTicks
[15:27:20] [Render thread/INFO]: [OptiFine] (Reflector) Class not present: net.minecraftforge.common.extensions.IForgeTileEntity
[15:27:20] [Render thread/INFO]: [OptiFine] (Reflector) Method not present: net.minecraft.client.world.DimensionRenderInfo.getCloudRenderHandler
[15:27:20] [Render thread/INFO]: [OptiFine] (Reflector) Method not present: net.minecraft.client.world.DimensionRenderInfo.getSkyRenderHandler
[15:27:20] [Render thread/INFO]: [OptiFine] (Reflector) Method not present: net.minecraft.client.world.DimensionRenderInfo.getWeatherParticleRenderHandler
[15:27:20] [Render thread/INFO]: [OptiFine] (Reflector) Method not present: net.minecraft.client.world.DimensionRenderInfo.getWeatherRenderHandler
[15:27:20] [Render thread/INFO]: [OptiFine] (Reflector) Class not present: net.minecraftforge.client.IRenderHandler
[15:27:20] [Render thread/INFO]: [OptiFine] (Reflector) Class not present: net.minecraftforge.client.settings.KeyModifier
[15:27:20] [Render thread/INFO]: [OptiFine] (Reflector) Class not present: net.minecraftforge.client.model.pipeline.LightUtil
[15:27:20] [Render thread/INFO]: [OptiFine] (Reflector) Class not present: net.minecraftforge.common.MinecraftForge
[15:27:20] [Render thread/INFO]: [OptiFine] (Reflector) Class not present: net.minecraftforge.client.MinecraftForgeClient
[15:27:20] [Render thread/INFO]: [OptiFine] (Reflector) Class not present: net.minecraftforge.fml.common.ModContainer
[15:27:20] [Render thread/INFO]: [OptiFine] (Reflector) Class not present: net.minecraftforge.client.gui.NotificationModUpdateScreen
[15:27:20] [Render thread/INFO]: [OptiFine] (Reflector) Class not present: net.minecraftforge.entity.PartEntity
[15:27:20] [Render thread/INFO]: [OptiFine] (Reflector) Class not present: net.minecraftforge.event.entity.PlaySoundAtEntityEvent
[15:27:20] [Render thread/INFO]: [OptiFine] (Reflector) Class not present: net.minecraftforge.client.event.RenderBlockOverlayEvent$OverlayType
[15:27:20] [Render thread/INFO]: [OptiFine] (Reflector) Class not present: net.minecraftforge.fml.client.registry.RenderingRegistry
[15:27:20] [Render thread/INFO]: [OptiFine] (Reflector) Class not present: net.minecraftforge.client.event.RenderGameOverlayEvent$BossInfo
[15:27:20] [Render thread/INFO]: [OptiFine] (Reflector) Class not present: net.minecraftforge.client.event.RenderItemInFrameEvent
[15:27:20] [Render thread/INFO]: [OptiFine] (Reflector) Class not present: net.minecraftforge.client.event.RenderLivingEvent$Pre
[15:27:20] [Render thread/INFO]: [OptiFine] (Reflector) Class not present: net.minecraftforge.client.event.RenderLivingEvent$Post
[15:27:20] [Render thread/INFO]: [OptiFine] (Reflector) Class not present: net.minecraftforge.client.event.RenderNameplateEvent
[15:27:20] [Render thread/INFO]: [OptiFine] (Reflector) Class not present: net.minecraftforge.client.event.ScreenshotEvent
[15:27:20] [Render thread/INFO]: [OptiFine] (Reflector) Class not present: net.minecraftforge.fml.server.ServerLifecycleHooks
[15:27:20] [Render thread/INFO]: [OptiFine] (Reflector) Class not present: net.minecraftforge.event.world.WorldEvent$Load
[15:27:20] [Render thread/INFO]: [OptiFine] *** Reflector Vanilla ***
[15:27:20] [Worker-Main-12/INFO]: [OptiFine] Multitexture: false
[15:27:20] [Worker-Main-11/INFO]: [OptiFine] Multitexture: false
[15:27:20] [Worker-Main-8/INFO]: [OptiFine] Multitexture: false
[15:27:20] [Realms Notification Availability checker #1/INFO]: Could not authorize you against Realms server: java.lang.RuntimeException: Failed to parse into SignedJWT: null
[15:27:21] [Worker-Main-13/INFO]: [OptiFine] Multitexture: false
[15:27:21] [Worker-Main-13/INFO]: [OptiFine] Multipass connected textures: false
[15:27:22] [Worker-Main-13/INFO]: [OptiFine] Mipmap levels: 4
[15:27:22] [Worker-Main-8/ERROR]: Using missing texture, unable to load minecraft:optifine/ctm/default/empty.png : java.io.FileNotFoundException: minecraft:optifine/ctm/default/empty.png
[15:27:22] [Worker-Main-13/INFO]: [OptiFine] Multitexture: false
[15:27:22] [Worker-Main-13/INFO]: [OptiFine] Sprite size: 64
[15:27:22] [Worker-Main-13/INFO]: [OptiFine] Mipmap levels: 6
[15:27:22] [Worker-Main-13/INFO]: [OptiFine] Multitexture: false
[15:27:22] [Worker-Main-13/INFO]: [OptiFine] Sprite size: 64
[15:27:22] [Worker-Main-13/INFO]: [OptiFine] Mipmap levels: 6
[15:27:22] [Worker-Main-13/INFO]: [OptiFine] Multitexture: false
[15:27:22] [Worker-Main-13/INFO]: [OptiFine] Sprite size: 64
[15:27:22] [Worker-Main-13/INFO]: [OptiFine] Mipmap levels: 6
[15:27:22] [Worker-Main-13/INFO]: [OptiFine] Multitexture: false
[15:27:22] [Worker-Main-13/INFO]: [OptiFine] Sprite size: 64
[15:27:22] [Worker-Main-13/INFO]: [OptiFine] Mipmap levels: 6
[15:27:22] [Worker-Main-13/INFO]: [OptiFine] Multitexture: false
[15:27:22] [Worker-Main-13/INFO]: [OptiFine] Sprite size: 64
[15:27:22] [Worker-Main-13/INFO]: [OptiFine] Mipmap levels: 6
[15:27:22] [Worker-Main-13/INFO]: [OptiFine] Multitexture: false
[15:27:22] [Worker-Main-13/INFO]: [OptiFine] Sprite size: 64
[15:27:22] [Worker-Main-13/INFO]: [OptiFine] Mipmap levels: 6
ALSA lib confmisc.c:855:(parse_card) cannot find card '0'
ALSA lib conf.c:5182:(_snd_config_evaluate) function snd_func_card_inum returned error: No such file or directory
ALSA lib confmisc.c:422:(snd_func_concat) error evaluating strings
ALSA lib conf.c:5182:(_snd_config_evaluate) function snd_func_concat returned error: No such file or directory
ALSA lib confmisc.c:1334:(snd_func_refer) error evaluating name
ALSA lib conf.c:5182:(_snd_config_evaluate) function snd_func_refer returned error: No such file or directory
ALSA lib conf.c:5705:(snd_config_expand) Evaluate error: No such file or directory
ALSA lib pcm.c:2664:(snd_pcm_open_noupdate) Unknown PCM default
AL lib: (EE) ALCplaybackAlsa_open: Could not open playback device 'default': No such file or directory
ALSA lib confmisc.c:855:(parse_card) cannot find card '0'
ALSA lib conf.c:5182:(_snd_config_evaluate) function snd_func_card_inum returned error: No such file or directory
ALSA lib confmisc.c:422:(snd_func_concat) error evaluating strings
ALSA lib conf.c:5182:(_snd_config_evaluate) function snd_func_concat returned error: No such file or directory
ALSA lib confmisc.c:1334:(snd_func_refer) error evaluating name
ALSA lib conf.c:5182:(_snd_config_evaluate) function snd_func_refer returned error: No such file or directory
ALSA lib conf.c:5705:(snd_config_expand) Evaluate error: No such file or directory
ALSA lib pcm.c:2664:(snd_pcm_open_noupdate) Unknown PCM default
AL lib: (EE) ALCplaybackAlsa_open: Could not open playback device 'default': No such file or directory
ALSA lib confmisc.c:855:(parse_card) cannot find card '0'
ALSA lib conf.c:5182:(_snd_config_evaluate) function snd_func_card_inum returned error: No such file or directory
ALSA lib confmisc.c:422:(snd_func_concat) error evaluating strings
ALSA lib conf.c:5182:(_snd_config_evaluate) function snd_func_concat returned error: No such file or directory
ALSA lib confmisc.c:1334:(snd_func_refer) error evaluating name
ALSA lib conf.c:5182:(_snd_config_evaluate) function snd_func_refer returned error: No such file or directory
ALSA lib conf.c:5705:(snd_config_expand) Evaluate error: No such file or directory
ALSA lib pcm.c:2664:(snd_pcm_open_noupdate) Unknown PCM default
AL lib: (EE) ALCplaybackAlsa_open: Could not open playback device 'default': No such file or directory
[15:27:22] [Render thread/ERROR]: Error starting SoundSystem. Turning off sounds & music
java.lang.IllegalStateException: Failed to open OpenAL device
	at net.minecraft.client.audio.SoundSystem.openDevice(SoundSystem.java:135) ~[mcprec-6.13.jar:?]
	at net.minecraft.client.audio.SoundSystem.init(SoundSystem.java:51) ~[mcprec-6.13.jar:?]
	at net.minecraft.client.audio.SoundEngine.load(SoundEngine.java:83) ~[mcprec-6.13.jar:?]
	at net.minecraft.client.audio.SoundEngine.reload(SoundEngine.java:77) ~[mcprec-6.13.jar:?]
	at net.minecraft.client.audio.SoundHandler.apply(SoundHandler.java:110) ~[mcprec-6.13.jar:?]
	at net.minecraft.client.audio.SoundHandler.apply(SoundHandler.java:34) ~[mcprec-6.13.jar:?]
	at net.minecraft.client.resources.ReloadListener.lambda$reload$1(ReloadListener.java:17) ~[mcprec-6.13.jar:?]
	at java.util.concurrent.CompletableFuture.uniAccept(CompletableFuture.java:670) ~[?:1.8.0_504]
	at java.util.concurrent.CompletableFuture$UniAccept.tryFire(CompletableFuture.java:646) ~[?:1.8.0_504]
	at java.util.concurrent.CompletableFuture$Completion.run(CompletableFuture.java:456) ~[?:1.8.0_504]
	at net.minecraft.resources.AsyncReloader.lambda$null$3(AsyncReloader.java:71) ~[mcprec-6.13.jar:?]
	at net.minecraft.util.concurrent.ThreadTaskExecutor.execute(ThreadTaskExecutor.java:92) ~[mcprec-6.13.jar:?]
	at net.minecraft.resources.AsyncReloader.lambda$new$4(AsyncReloader.java:70) ~[mcprec-6.13.jar:?]
	at java.util.concurrent.CompletableFuture$UniCompletion.claim(CompletableFuture.java:543) ~[?:1.8.0_504]
	at java.util.concurrent.CompletableFuture.uniAccept(CompletableFuture.java:667) ~[?:1.8.0_504]
	at java.util.concurrent.CompletableFuture$UniAccept.tryFire(CompletableFuture.java:646) ~[?:1.8.0_504]
	at java.util.concurrent.CompletableFuture.postComplete(CompletableFuture.java:488) ~[?:1.8.0_504]
	at java.util.concurrent.CompletableFuture.postFire(CompletableFuture.java:575) ~[?:1.8.0_504]
	at java.util.concurrent.CompletableFuture$UniAccept.tryFire(CompletableFuture.java:649) ~[?:1.8.0_504]
	at java.util.concurrent.CompletableFuture$Completion.run(CompletableFuture.java:456) ~[?:1.8.0_504]
	at com.mojang.blaze3d.systems.RenderSystem.replayQueue(RenderSystem.java:101) [mcprec-6.13.jar:?]
	at com.mojang.blaze3d.systems.RenderSystem.flipFrame(RenderSystem.java:90) [mcprec-6.13.jar:?]
	at net.minecraft.client.MainWindow.flipFrame(MainWindow.java:356) [mcprec-6.13.jar:?]
	at net.minecraft.client.Minecraft.runGameLoop(Minecraft.java:1021) [mcprec-6.13.jar:?]
	at net.minecraft.client.Minecraft.run(Minecraft.java:608) [mcprec-6.13.jar:?]
	at net.minecraft.client.main.Main.main(Main.java:196) [mcprec-6.13.jar:?]
[15:27:22] [Render thread/INFO]: Created: 1024x512x4 minecraft:textures/atlas/blocks.png-atlas
[15:27:22] [Render thread/WARN]: [OptiFine] Missing CTM sprite: minecraft:optifine/ctm/default/empty
[15:27:22] [Render thread/INFO]: [OptiFine] Animated sprites: 43
[15:27:22] [Render thread/INFO]: Created: 256x128x4 minecraft:textures/atlas/signs.png-atlas
[15:27:22] [Render thread/INFO]: [OptiFine] Animated sprites: 0
[15:27:22] [Render thread/INFO]: Created: 512x512x4 minecraft:textures/atlas/banner_patterns.png-atlas
[15:27:22] [Render thread/INFO]: [OptiFine] Animated sprites: 0
[15:27:22] [Render thread/INFO]: Created: 512x512x4 minecraft:textures/atlas/shield_patterns.png-atlas
[15:27:22] [Render thread/INFO]: [OptiFine] Animated sprites: 0
[15:27:22] [Render thread/INFO]: Created: 256x256x4 minecraft:textures/atlas/chest.png-atlas
[15:27:22] [Render thread/INFO]: [OptiFine] Animated sprites: 0
[15:27:22] [Render thread/INFO]: Created: 512x256x4 minecraft:textures/atlas/beds.png-atlas
[15:27:22] [Render thread/INFO]: [OptiFine] Animated sprites: 0
[15:27:22] [Render thread/INFO]: Created: 512x256x4 minecraft:textures/atlas/shulker_boxes.png-atlas
[15:27:22] [Render thread/INFO]: [OptiFine] Animated sprites: 0
[15:27:23] [Render thread/INFO]: Created: 256x256x0 minecraft:textures/atlas/particles.png-atlas
[15:27:23] [Render thread/INFO]: [OptiFine] Animated sprites: 0
[15:27:23] [Render thread/INFO]: Created: 256x256x0 minecraft:textures/atlas/paintings.png-atlas
[15:27:23] [Render thread/INFO]: [OptiFine] Animated sprites: 0
[15:27:23] [Render thread/INFO]: Created: 128x128x0 minecraft:textures/atlas/mob_effects.png-atlas
[15:27:23] [Render thread/INFO]: [OptiFine] Animated sprites: 0
[15:27:23] [Render thread/INFO]: [OptiFine] *** Reloading custom textures ***
[15:27:23] [Render thread/INFO]: [OptiFine] Disable Forge light pipeline
[15:27:24] [Thread-5/INFO]: [STDOUT]: ***** Start MalmoEnvServer on port 11548
[15:27:24] [Thread-5/INFO]: [STDOUT]: CLIENT enter state: DORMANT
[15:27:24] [Thread-5/INFO]: [STDOUT]: SERVER enter state: DORMANT
[15:27:24] [EnvServerSocketHandler/INFO]: Received Mission token 6fbad71a-f8b4-4383-a462-b167e8010c93:0:0:1:true:733495428
[15:27:24] [EnvServerSocketHandler/INFO]: Received mission init command  <MissionInit xmlns="http://ProjectMalmo.microsoft.com" xmlns:xsi="http://www.w3.org/2001/XMLSchema-instance" SchemaVersion="" PlatformVersion="0.37.0"><Mission><About><Summary>MineRLHumanSurvival-v0</Summary></About><ModSettings><MsPerTick>50</MsPerTick></ModSettings><ServerSection><ServerInitialConditions><Time><AllowPassageOfTime>true</AllowPassageOfTime></Time><AllowSpawning>true</AllowSpawning></ServerInitialConditions><ServerHandlers><DefaultWorldGenerator forceReset="true" generatorOptions="{}"/><ServerQuitWhenAnyAgentFinishes/></ServerHandlers></ServerSection><AgentSection mode="Survival"><Name>MineRLAgent0</Name><AgentStart><LowLevelInputs>true</LowLevelInputs><GuiScale>1.0</GuiScale><GammaSetting>2.0</GammaSetting><FOVSetting>70.0</FOVSetting><FakeCursorSize>16</FakeCursorSize><Inventory/><PreferredSpawnBiome>plains</PreferredSpawnBiome></AgentStart><AgentHandlers><FileBasedPerformanceProducer/><PauseCommand/><VideoProducer want_depth="false"><Width>640</Width><Height>360</Height></VideoProducer><ObservationFromFullInventory flat="false"/><ObservationFromEquippedItem/><ObservationFromFullStats/><ObservationFromFullStats/><HumanLevelCommands/><CameraCommands/><ChatCommands/><IsGuiOpen/></AgentHandlers></AgentSection></Mission><ExperimentUID>6fbad71a-f8b4-4383-a462-b167e8010c93</ExperimentUID><ClientRole>0</ClientRole><ClientAgentConnection><ClientIPAddress>127.0.0.1</ClientIPAddress><ClientMissionControlPort>0</ClientMissionControlPort><ClientCommandsPort>0</ClientCommandsPort><AgentIPAddress>127.0.0.1</AgentIPAddress><AgentMissionControlPort>0</AgentMissionControlPort><AgentVideoPort>0</AgentVideoPort><AgentDepthPort>0</AgentDepthPort><AgentLuminancePort>0</AgentLuminancePort><AgentObservationsPort>0</AgentObservationsPort><AgentRewardsPort>0</AgentRewardsPort><AgentColourMapPort>0</AgentColourMapPort></ClientAgentConnection></MissionInit>
[15:27:25] [EnvServerSocketHandler/INFO]: [STDOUT]: Setting width, height to 640, 360
[15:27:25] [EnvServerSocketHandler/INFO]: [STDOUT]: Gamma: 2.0
[15:27:25] [EnvServerSocketHandler/INFO]: [STDOUT]: FOV: 70.0
[15:27:25] [EnvServerSocketHandler/INFO]: [STDOUT]: GuiScale: 1.0
[15:27:26] [Render thread/WARN]: Ambiguity between arguments [teleport, destination] and [teleport, targets] with inputs: [Player, 0123, @e, dd12be42-52a9-4a91-a8a1-11c01849e498]
[15:27:26] [Render thread/WARN]: Ambiguity between arguments [teleport, location] and [teleport, destination] with inputs: [0.1 -0.5 .9, 0 0 0]
[15:27:26] [Render thread/WARN]: Ambiguity between arguments [teleport, location] and [teleport, targets] with inputs: [0.1 -0.5 .9, 0 0 0]
[15:27:26] [Render thread/WARN]: Ambiguity between arguments [teleport, targets] and [teleport, destination] with inputs: [Player, 0123, dd12be42-52a9-4a91-a8a1-11c01849e498]
[15:27:26] [Render thread/WARN]: Ambiguity between arguments [teleport, targets, location] and [teleport, targets, destination] with inputs: [0.1 -0.5 .9, 0 0 0]
[15:27:26] [Render thread/INFO]: Reloading ResourceManager: Default
[15:27:26] [Render thread/INFO]: Loaded 7 recipes
[15:27:26] [Render thread/INFO]: Loaded 927 advancements
[15:27:27] [Render thread/INFO]: Environment: authHost='https://authserver.mojang.com', accountsHost='https://api.mojang.com', sessionHost='https://sessionserver.mojang.com', servicesHost='https://api.minecraftservices.com', name='PROD'
[15:27:27] [Render thread/INFO]: Starting integrated minecraft server version 1.16.5
[15:27:27] [Render thread/INFO]: Generating keypair
[15:27:33] [Render thread/INFO]: Preparing start region for dimension minecraft:overworld
[15:27:41] [Render thread/INFO]: Changing view distance to 7, from 10
[15:27:41] [Render thread/INFO]: MineRLAgent0[local:E:87b1d431] logged in with entity id 297 at (-4093.5, 71.0, -4037.5)
[15:27:41] [Render thread/INFO]: MineRLAgent0 joined the game
[15:27:42] [Render thread/INFO]: [STDOUT]: *** creating fake mouse cursor ***
[15:27:42] [Render thread/INFO]: Preparing spawn area: 2%
[15:27:42] [Render thread/INFO]: Time elapsed: 5 ms
[15:27:42] [Render thread/INFO]: [STDOUT]: Starting new video null
[15:27:42] [Render thread/INFO]: Saving and pausing game...
[15:27:42] [Render thread/INFO]: Saving chunks for level 'ServerLevel[mcpworldd8a8056f0f6b]'/minecraft:overworld
[15:27:43] [Render thread/INFO]: Saving chunks for level 'ServerLevel[mcpworldd8a8056f0f6b]'/minecraft:the_nether
[15:27:43] [Render thread/INFO]: Saving chunks for level 'ServerLevel[mcpworldd8a8056f0f6b]'/minecraft:the_end
[15:27:43] [Render thread/WARN]: Failed to load texture: minecraft:optifine/ctm/default/empty.png
java.io.FileNotFoundException: minecraft:optifine/ctm/default/empty.png
	at net.minecraft.resources.FallbackResourceManager.getResource(FallbackResourceManager.java:66) ~[mcprec-6.13.jar:?]
	at net.minecraft.resources.SimpleReloadableResourceManager.getResource(SimpleReloadableResourceManager.java:63) ~[mcprec-6.13.jar:?]
	at net.minecraft.client.renderer.texture.SimpleTexture$TextureData.getTextureData(SimpleTexture.java:96) ~[mcprec-6.13.jar:?]
	at net.minecraft.client.renderer.texture.SimpleTexture.getTextureData(SimpleTexture.java:72) ~[mcprec-6.13.jar:?]
	at net.minecraft.client.renderer.texture.SimpleTexture.loadTexture(SimpleTexture.java:32) ~[mcprec-6.13.jar:?]
	at net.minecraft.client.renderer.texture.DownloadingTexture.lambda$loadTexture$2(DownloadingTexture.java:95) ~[mcprec-6.13.jar:?]
	at net.minecraft.util.concurrent.ThreadTaskExecutor.run(ThreadTaskExecutor.java:150) [mcprec-6.13.jar:?]
	at net.minecraft.util.concurrent.RecursiveEventLoop.run(RecursiveEventLoop.java:22) [mcprec-6.13.jar:?]
	at net.minecraft.util.concurrent.ThreadTaskExecutor.driveOne(ThreadTaskExecutor.java:124) [mcprec-6.13.jar:?]
	at net.minecraft.util.concurrent.ThreadTaskExecutor.drainTasks(ThreadTaskExecutor.java:107) [mcprec-6.13.jar:?]
	at net.minecraft.client.Minecraft.runGameLoop(Minecraft.java:960) [mcprec-6.13.jar:?]
	at net.minecraft.client.Minecraft.run(Minecraft.java:608) [mcprec-6.13.jar:?]
	at net.minecraft.client.main.Main.main(Main.java:196) [mcprec-6.13.jar:?]
[15:27:43] [Render thread/INFO]: Loaded 0 advancements
[15:27:45] [Render thread/INFO]: [MineRLAgent0: Gamerule sendCommandFeedback is now set to: false]
[15:27:45] [Render thread/INFO]: [MineRLAgent0: Gamerule commandBlockOutput is now set to: false]
[15:27:45] [Render thread/INFO]: [MineRLAgent0: Gamerule keepInventory is now set to: true]
[15:27:45] [Render thread/INFO]: [MineRLAgent0: Applied effect Night Vision to MineRLAgent0]
[15:27:45] [Render thread/INFO]: [MineRLAgent0: Gamerule doDaylightCycle is now set to: false]
[15:27:46] [Render thread/INFO]: [MineRLAgent0: Set the time to 0]
[15:27:46] [Render thread/INFO]: [MineRLAgent0: Gamerule doImmediateRespawn is now set to: true]
[15:27:46] [Render thread/INFO]: [MineRLAgent0: Set spawn point to -4094, 71, -4038 [0.0] in minecraft:overworld for MineRLAgent0]
[15:28:09] [Render thread/INFO]: Loaded 4 advancements
[15:28:18] [Render thread/INFO]: Loaded 16 advancements
[15:28:20] [Render thread/INFO]: Loaded 25 advancements
[15:28:23] [Render thread/INFO]: Loaded 28 advancements
[15:28:38] [Render thread/INFO]: Loaded 38 advancements
[15:28:41] [Render thread/INFO]: MineRLAgent0 has made the advancement [Stone Age]
[15:28:41] [Render thread/INFO]: [CHAT] MineRLAgent0 has made the advancement [Stone Age]
[15:28:41] [Render thread/INFO]: Loaded 53 advancements
[15:28:48] [Render thread/INFO]: Loaded 63 advancements
[15:28:58] [Render thread/INFO]: Loaded 69 advancements
[15:29:25] [Render thread/INFO]: MineRLAgent0 drowned
[15:29:25] [Render thread/INFO]: [CHAT] MineRLAgent0 drowned
[15:29:25] [Render thread/INFO]: [STDOUT]: Starting new video null
[15:29:26] [Render thread/WARN]: Failed to load texture: minecraft:optifine/ctm/default/empty.png
java.io.FileNotFoundException: minecraft:optifine/ctm/default/empty.png
	at net.minecraft.resources.FallbackResourceManager.getResource(FallbackResourceManager.java:66) ~[mcprec-6.13.jar:?]
	at net.minecraft.resources.SimpleReloadableResourceManager.getResource(SimpleReloadableResourceManager.java:63) ~[mcprec-6.13.jar:?]
	at net.minecraft.client.renderer.texture.SimpleTexture$TextureData.getTextureData(SimpleTexture.java:96) ~[mcprec-6.13.jar:?]
	at net.minecraft.client.renderer.texture.SimpleTexture.getTextureData(SimpleTexture.java:72) ~[mcprec-6.13.jar:?]
	at net.minecraft.client.renderer.texture.SimpleTexture.loadTexture(SimpleTexture.java:32) ~[mcprec-6.13.jar:?]
	at net.minecraft.client.renderer.texture.DownloadingTexture.lambda$loadTexture$2(DownloadingTexture.java:95) ~[mcprec-6.13.jar:?]
	at net.minecraft.util.concurrent.ThreadTaskExecutor.run(ThreadTaskExecutor.java:150) [mcprec-6.13.jar:?]
	at net.minecraft.util.concurrent.RecursiveEventLoop.run(RecursiveEventLoop.java:22) [mcprec-6.13.jar:?]
	at net.minecraft.util.concurrent.ThreadTaskExecutor.driveOne(ThreadTaskExecutor.java:124) [mcprec-6.13.jar:?]
	at net.minecraft.util.concurrent.ThreadTaskExecutor.drainTasks(ThreadTaskExecutor.java:107) [mcprec-6.13.jar:?]
	at net.minecraft.client.Minecraft.runGameLoop(Minecraft.java:960) [mcprec-6.13.jar:?]
	at net.minecraft.client.Minecraft.run(Minecraft.java:608) [mcprec-6.13.jar:?]
	at net.minecraft.client.main.Main.main(Main.java:196) [mcprec-6.13.jar:?]
[15:29:36] [Render thread/INFO]: Loaded 70 advancements
[15:29:44] [Render thread/INFO]: Loaded 71 advancements
[15:31:04] [Render thread/INFO]: Loaded 72 advancements
[15:31:10] [Render thread/INFO]: MineRLAgent0 has made the advancement [Getting an Upgrade]
[15:31:10] [Render thread/INFO]: [CHAT] MineRLAgent0 has made the advancement [Getting an Upgrade]
[15:31:10] [Render thread/INFO]: Loaded 76 advancements
[15:31:37] [Render thread/INFO]: MineRLAgent0 drowned
[15:31:37] [Render thread/INFO]: [CHAT] MineRLAgent0 drowned
[15:31:37] [Render thread/INFO]: [STDOUT]: Starting new video null
[15:31:37] [Render thread/WARN]: Failed to load texture: minecraft:optifine/ctm/default/empty.png
java.io.FileNotFoundException: minecraft:optifine/ctm/default/empty.png
	at net.minecraft.resources.FallbackResourceManager.getResource(FallbackResourceManager.java:66) ~[mcprec-6.13.jar:?]
	at net.minecraft.resources.SimpleReloadableResourceManager.getResource(SimpleReloadableResourceManager.java:63) ~[mcprec-6.13.jar:?]
	at net.minecraft.client.renderer.texture.SimpleTexture$TextureData.getTextureData(SimpleTexture.java:96) ~[mcprec-6.13.jar:?]
	at net.minecraft.client.renderer.texture.SimpleTexture.getTextureData(SimpleTexture.java:72) ~[mcprec-6.13.jar:?]
	at net.minecraft.client.renderer.texture.SimpleTexture.loadTexture(SimpleTexture.java:32) ~[mcprec-6.13.jar:?]
	at net.minecraft.client.renderer.texture.DownloadingTexture.lambda$loadTexture$2(DownloadingTexture.java:95) ~[mcprec-6.13.jar:?]
	at net.minecraft.util.concurrent.ThreadTaskExecutor.run(ThreadTaskExecutor.java:150) [mcprec-6.13.jar:?]
	at net.minecraft.util.concurrent.RecursiveEventLoop.run(RecursiveEventLoop.java:22) [mcprec-6.13.jar:?]
	at net.minecraft.util.concurrent.ThreadTaskExecutor.driveOne(ThreadTaskExecutor.java:124) [mcprec-6.13.jar:?]
	at net.minecraft.util.concurrent.ThreadTaskExecutor.drainTasks(ThreadTaskExecutor.java:107) [mcprec-6.13.jar:?]
	at net.minecraft.client.Minecraft.runGameLoop(Minecraft.java:960) [mcprec-6.13.jar:?]
	at net.minecraft.client.Minecraft.run(Minecraft.java:608) [mcprec-6.13.jar:?]
	at net.minecraft.client.main.Main.main(Main.java:196) [mcprec-6.13.jar:?]
[15:31:43] [Render thread/INFO]: Loaded 77 advancements
[15:32:17] [Render thread/INFO]: Loaded 86 advancements
[15:32:35] [Render thread/INFO]: [MineRLAgent0: Changed the block at -4067, 47, -4034]
[15:32:47] [Render thread/INFO]: [MineRLAgent0: Changed the block at -4068, 46, -4035]
[15:33:02] [Render thread/INFO]: [MineRLAgent0: Changed the block at -4066, 45, -4037]
[15:33:15] [Render thread/INFO]: [MineRLAgent0: Changed the block at -4063, 40, -4035]
[15:33:18] [Render thread/INFO]: [MineRLAgent0: Changed the block at -4063, 39, -4035]
[15:33:20] [Render thread/INFO]: [MineRLAgent0: Changed the block at -4062, 38, -4035]
[15:33:22] [Render thread/INFO]: Loaded 88 advancements
[15:33:42] [Render thread/INFO]: [MineRLAgent0: Changed the block at -4068, 32, -4034]
[15:33:46] [Render thread/INFO]: [MineRLAgent0: Changed the block at -4069, 33, -4032]
[15:33:51] [Render thread/INFO]: [MineRLAgent0: Changed the block at -4070, 30, -4032]
[15:33:58] [Render thread/INFO]: [MineRLAgent0: Changed the block at -4069, 31, -4028]
[15:35:19] [Render thread/INFO]: [STDOUT]: Starting new video null
[15:36:50] [Render thread/INFO]: [MineRLAgent0: Changed the block at -4068, 26, -4025]
[15:37:18] [Render thread/INFO]: [MineRLAgent0: Changed the block at -4068, 22, -4025]
[15:37:24] [Render thread/INFO]: [MineRLAgent0: Changed the block at -4068, 19, -4025]
[15:37:29] [Render thread/INFO]: [MineRLAgent0: Changed the block at -4068, 18, -4025]
[15:37:47] [Render thread/INFO]: [MineRLAgent0: Changed the block at -4068, 17, -4025]
[15:37:52] [Render thread/INFO]: [MineRLAgent0: Changed the block at -4068, 16, -4025]
[15:38:49] [Render thread/INFO]: [MineRLAgent0: Changed the block at -4068, 10, -4027]
[15:38:49] [Render thread/INFO]: [MineRLAgent0: Changed the block at -4068, 8, -4027]
[15:39:02] [Render thread/INFO]: [STDOUT]: Starting new video null
[15:39:06] [EnvServerSocketHandler/INFO]: [STDOUT]: *** Stopping the replay, returning control to the inputs
