SLF4J: Failed to load class "org.slf4j.impl.StaticLoggerBinder".
SLF4J: Defaulting to no-operation (NOP) logger implementation
SLF4J: See http://www.slf4j.org/codes.html#StaticLoggerBinder for further details.
[12:21:56] [main/INFO]: [OptiFine] (Reflector) Field not found: World.tileEntitiesToBeRemoved
[12:21:56] [main/INFO]: [OptiFine] (Reflector) Class not present: net.minecraftforge.eventbus.api.Event$Result
[12:21:56] [main/INFO]: [OptiFine] (Reflector) Method not present: net.minecraftforge.common.extensions.IForgeBlockState.hasTileEntity
[12:21:56] [main/INFO]: [OptiFine] (Reflector) Class not present: net.minecraftforge.common.extensions.IForgeEntity
[12:21:56] [main/INFO]: [OptiFine] (Reflector) Class not present: net.minecraftforge.fml.CrashReportExtender
[12:21:56] [main/INFO]: [OptiFine] (Reflector) Method not present: net.minecraft.tags.ItemTags.createOptional
[12:21:58] [Render thread/INFO]: [OptiFine] (Reflector) Class not present: net.minecraftforge.client.ForgeHooksClient
[12:21:58] [Render thread/INFO]: Environment: authHost='https://authserver.mojang.com', accountsHost='https://api.mojang.com', sessionHost='https://sessionserver.mojang.com', servicesHost='https://api.minecraftservices.com', name='PROD'
[12:21:59] [Render thread/INFO]: Setting user: Player894
[12:21:59] [Render thread/INFO]: [OptiFine] (Reflector) Class not present: net.minecraftforge.client.settings.KeyConflictContext
[12:21:59] [Render thread/INFO]: [OptiFine] (Reflector) Class not present: net.minecraft.launchwrapper.Launch
[12:21:59] [Render thread/INFO]: Backend library: LWJGL version 3.2.2 SNAPSHOT
[12:21:59] [Render thread/INFO]: [OptiFine] 
[12:21:59] [Render thread/INFO]: [OptiFine] OptiFine_1.16.5_HD_U_G8
[12:21:59] [Render thread/INFO]: [OptiFine] (Reflector) Class not present: optifine.OptiFineResourceLocator
[12:21:59] [Render thread/INFO]: [OptiFine] Build: null
[12:21:59] [Render thread/INFO]: [OptiFine] OS: Linux (amd64) version 6.8.0-87-generic
[12:21:59] [Render thread/INFO]: [OptiFine] Java: 1.8.0_504, Ubuntu
[12:21:59] [Render thread/INFO]: [OptiFine] VM: OpenJDK 64-Bit Server VM (mixed mode), Ubuntu
[12:21:59] [Render thread/INFO]: [OptiFine] LWJGL: 3.3.0 X11 GLX EGL OSMesa clock_gettime evdev shared
[12:21:59] [Render thread/INFO]: [OptiFine] OpenGL: llvmpipe (LLVM 15.0.7, 256 bits), version 4.5 (Compatibility Profile) Mesa 23.2.1-1ubuntu3.1~22.04.4, Mesa
[12:21:59] [Render thread/INFO]: [OptiFine] OpenGL Version: 4.5.0
[12:21:59] [Render thread/INFO]: [OptiFine] Maximum texture size: 16384x16384
[12:21:59] [VersionCheck/INFO]: [OptiFine] Checking for new version
[12:21:59] [Render thread/INFO]: [Shaders] OpenGL Version: 4.5 (Compatibility Profile) Mesa 23.2.1-1ubuntu3.1~22.04.4
[12:21:59] [Render thread/INFO]: [Shaders] Vendor:  Mesa
[12:21:59] [Render thread/INFO]: [Shaders] Renderer: llvmpipe (LLVM 15.0.7, 256 bits)
[12:21:59] [Render thread/INFO]: [Shaders] Capabilities:  2.0  2.1  3.0  3.2  4.0 
[12:21:59] [Render thread/INFO]: [Shaders] GL_MAX_DRAW_BUFFERS: 8
[12:21:59] [Render thread/INFO]: [Shaders] GL_MAX_COLOR_ATTACHMENTS_EXT: 8
[12:21:59] [Render thread/INFO]: [Shaders] GL_MAX_TEXTURE_IMAGE_UNITS: 32
[12:21:59] [Render thread/INFO]: [Shaders] Load shaders configuration.
[12:21:59] [Render thread/INFO]: [Shaders] Save shaders configuration.
[12:21:59] [Render thread/INFO]: [Shaders] No shaderpack loaded.
[12:21:59] [Render thread/INFO]: [OptiFine] (Reflector) Class not present: net.minecraftforge.fml.common.Loader
[12:22:00] [VersionCheck/INFO]: [OptiFine] Version found: G7
[12:22:00] [Render thread/INFO]: [OptiFine] (Reflector) Class not present: net.minecraftforge.client.ItemModelMesherForge
[12:22:01] [Render thread/INFO]: [OptiFine] (Reflector) Class not present: net.minecraftforge.client.model.pipeline.ForgeBlockModelRenderer
[12:22:01] [Render thread/WARN]: ERROR : Couldn't load Narrator library : Unable to load library 'fliteWrapper': Can't obtain InputStream for linux-x86-64/libfliteWrapper.so
[12:22:01] [Render thread/INFO]: [OptiFine] (Reflector) Class not present: net.minecraftforge.fml.client.gui.screen.ModListScreen
[12:22:01] [Render thread/INFO]: Reloading ResourceManager: Default
[12:22:01] [Render thread/INFO]: [OptiFine] *** Reloading textures ***
[12:22:01] [Render thread/INFO]: [OptiFine] Resource packs: Default
[12:22:01] [Render thread/INFO]: [OptiFine] (Reflector) Method not present: net.minecraft.client.renderer.RenderTypeLookup.canRenderInLayer
[12:22:01] [Render thread/INFO]: [OptiFine] *** Reflector Forge ***
[12:22:01] [Render thread/INFO]: [OptiFine] (Reflector) Class not present: mods.betterfoliage.client.BetterFoliageClient
[12:22:01] [Render thread/INFO]: [OptiFine] (Reflector) Class not present: net.minecraftforge.fml.BrandingControl
[12:22:01] [Render thread/INFO]: [OptiFine] (Reflector) Class not present: net.minecraftforge.common.capabilities.ICapabilityProvider
[12:22:01] [Render thread/INFO]: [OptiFine] (Reflector) Class not present: net.minecraftforge.common.capabilities.CapabilityProvider
[12:22:01] [Render thread/INFO]: [OptiFine] (Reflector) Class not present: net.minecraftforge.fml.client.ClientModLoader
[12:22:01] [Render thread/INFO]: [OptiFine] (Reflector) Class not present: net.minecraftforge.event.world.ChunkDataEvent$Save
[12:22:01] [Render thread/INFO]: [OptiFine] (Reflector) Class not present: net.minecraftforge.event.world.ChunkEvent$Load
[12:22:01] [Render thread/INFO]: [OptiFine] (Reflector) Class not present: net.minecraftforge.event.world.ChunkEvent$Unload
[12:22:01] [Render thread/INFO]: [OptiFine] (Reflector) Class not present: net.minecraftforge.fml.client.ClientHooks
[12:22:01] [Render thread/INFO]: [OptiFine] (Reflector) Class not present: net.minecraftforge.client.event.GuiScreenEvent$DrawScreenEvent$Pre
[12:22:01] [Render thread/INFO]: [OptiFine] (Reflector) Class not present: net.minecraftforge.client.event.GuiScreenEvent$DrawScreenEvent$Post
[12:22:01] [Render thread/INFO]: [OptiFine] (Reflector) Method not present: net.minecraftforge.fml.loading.progress.EarlyProgressVisualization.handOffWindow
[12:22:01] [Render thread/INFO]: [OptiFine] (Reflector) Class not present: net.minecraftforge.event.entity.EntityLeaveWorldEvent
[12:22:01] [Render thread/INFO]: [OptiFine] (Reflector) Class not present: net.minecraftforge.client.event.EntityViewRenderEvent$CameraSetup
[12:22:01] [Render thread/INFO]: [OptiFine] (Reflector) Class not present: net.minecraftforge.client.event.EntityViewRenderEvent$FogColors
[12:22:01] [Render thread/INFO]: [OptiFine] (Reflector) Class not present: net.minecraftforge.client.event.EntityViewRenderEvent$RenderFogEvent
[12:22:01] [Render thread/INFO]: [OptiFine] (Reflector) Class not present: net.minecraftforge.event.entity.EntityJoinWorldEvent
[12:22:01] [Render thread/INFO]: [OptiFine] (Reflector) Method not present: net.minecraftforge.eventbus.api.Event.isCanceled
[12:22:01] [Render thread/INFO]: [OptiFine] (Reflector) Method not present: net.minecraftforge.eventbus.api.Event.getResult
[12:22:01] [Render thread/INFO]: [OptiFine] (Reflector) Class not present: net.minecraftforge.eventbus.api.IEventBus
[12:22:01] [Render thread/INFO]: [OptiFine] (Reflector) Class not present: net.minecraftforge.common.extensions.IForgeBlock
[12:22:01] [Render thread/INFO]: [OptiFine] (Reflector) Method not present: net.minecraft.client.renderer.BlockModelShapes.getTexture
[12:22:01] [Render thread/INFO]: [OptiFine] (Reflector) Method not present: net.minecraftforge.common.extensions.IForgeBlockState.addDestroyEffects
[12:22:01] [Render thread/INFO]: [OptiFine] (Reflector) Method not present: net.minecraftforge.common.extensions.IForgeBlockState.addHitEffects
[12:22:01] [Render thread/INFO]: [OptiFine] (Reflector) Method not present: net.minecraftforge.common.extensions.IForgeBlockState.getLightValue
[12:22:01] [Render thread/INFO]: [OptiFine] (Reflector) Method not present: net.minecraftforge.common.extensions.IForgeBlockState.getSoundType
[12:22:01] [Render thread/INFO]: [OptiFine] (Reflector) Method not present: net.minecraftforge.common.extensions.IForgeBlockState.getStateAtViewpoint
[12:22:01] [Render thread/INFO]: [OptiFine] (Reflector) Method not present: net.minecraftforge.common.extensions.IForgeBlockState.isAir
[12:22:01] [Render thread/INFO]: [OptiFine] (Reflector) Method not present: net.minecraftforge.common.extensions.IForgeBlockState.shouldDisplayFluidOverlay
[12:22:01] [Render thread/INFO]: [OptiFine] (Reflector) Class not present: net.minecraftforge.common.extensions.IForgeFluid
[12:22:01] [Render thread/INFO]: [OptiFine] (Reflector) Class not present: net.minecraftforge.fluids.FluidAttributes
[12:22:01] [Render thread/INFO]: [OptiFine] (Reflector) Method not present: net.minecraft.entity.EntityType.getTags
[12:22:01] [Render thread/INFO]: [OptiFine] (Reflector) Class not present: net.minecraftforge.event.ForgeEventFactory
[12:22:01] [Render thread/INFO]: [OptiFine] (Reflector) Method not present: net.minecraft.fluid.Fluid.getTags
[12:22:01] [Render thread/INFO]: [OptiFine] (Reflector) Class not present: net.minecraftforge.common.ForgeHooks
[12:22:01] [Render thread/INFO]: [OptiFine] (Reflector) Class not present: net.minecraftforge.common.ForgeConfig
[12:22:01] [Render thread/INFO]: [OptiFine] (Reflector) Class not present: net.minecraftforge.common.ForgeConfig$Client
[12:22:01] [Render thread/INFO]: [OptiFine] (Reflector) Class not present: net.minecraftforge.common.ForgeConfigSpec
[12:22:01] [Render thread/INFO]: [OptiFine] (Reflector) Class not present: net.minecraftforge.common.ForgeConfigSpec$ConfigValue
[12:22:01] [Worker-Main-12/INFO]: [OptiFine] (Reflector) Class not present: net.minecraftforge.client.model.ModelLoaderRegistry
[12:22:01] [Render thread/INFO]: [OptiFine] (Reflector) Method not present: net.minecraft.world.chunk.IChunk.getWorldForge
[12:22:01] [Render thread/INFO]: [OptiFine] (Reflector) Class not present: net.minecraftforge.common.extensions.IForgeItem
[12:22:01] [Render thread/INFO]: [OptiFine] (Reflector) Class not present: net.minecraftforge.common.extensions.IForgeItemStack
[12:22:01] [Render thread/INFO]: [OptiFine] (Reflector) Class not present: net.minecraftforge.fml.ForgeI18n
[12:22:01] [Render thread/INFO]: [OptiFine] (Reflector) Method not present: net.minecraft.client.settings.KeyBinding.setKeyConflictContext
[12:22:01] [Render thread/INFO]: [OptiFine] (Reflector) Method not present: net.minecraft.client.settings.KeyBinding.setKeyModifierAndCode
[12:22:01] [Render thread/INFO]: [OptiFine] (Reflector) Method not present: net.minecraft.client.settings.KeyBinding.getKeyModifier
[12:22:01] [Render thread/INFO]: [OptiFine] (Reflector) Class not present: net.minecraftforge.common.extensions.IForgeEffectInstance
[12:22:01] [Render thread/INFO]: [OptiFine] (Reflector) Class not present: net.minecraftforge.registries.ForgeRegistryEntry
[12:22:01] [Render thread/INFO]: [OptiFine] (Reflector) Method not present: net.minecraft.client.renderer.RenderTypeLookup.canRenderInLayer
[12:22:01] [Render thread/INFO]: [OptiFine] (Reflector) Constructor not present: net.minecraft.world.server.Ticket, params: class net.minecraft.world.server.TicketType, int, class java.lang.Object, boolean
[12:22:01] [Render thread/INFO]: [OptiFine] (Reflector) Method not present: net.minecraft.world.server.Ticket.isForceTicks
[12:22:01] [Render thread/INFO]: [OptiFine] (Reflector) Class not present: net.minecraftforge.common.extensions.IForgeTileEntity
[12:22:01] [Render thread/INFO]: [OptiFine] (Reflector) Method not present: net.minecraft.client.world.DimensionRenderInfo.getCloudRenderHandler
[12:22:01] [Render thread/INFO]: [OptiFine] (Reflector) Method not present: net.minecraft.client.world.DimensionRenderInfo.getSkyRenderHandler
[12:22:01] [Render thread/INFO]: [OptiFine] (Reflector) Method not present: net.minecraft.client.world.DimensionRenderInfo.getWeatherParticleRenderHandler
[12:22:01] [Render thread/INFO]: [OptiFine] (Reflector) Method not present: net.minecraft.client.world.DimensionRenderInfo.getWeatherRenderHandler
[12:22:01] [Render thread/INFO]: [OptiFine] (Reflector) Class not present: net.minecraftforge.client.IRenderHandler
[12:22:01] [Render thread/INFO]: [OptiFine] (Reflector) Class not present: net.minecraftforge.client.settings.KeyModifier
[12:22:01] [Render thread/INFO]: [OptiFine] (Reflector) Class not present: net.minecraftforge.client.model.pipeline.LightUtil
[12:22:01] [Render thread/INFO]: [OptiFine] (Reflector) Class not present: net.minecraftforge.common.MinecraftForge
[12:22:01] [Render thread/INFO]: [OptiFine] (Reflector) Class not present: net.minecraftforge.client.MinecraftForgeClient
[12:22:01] [Render thread/INFO]: [OptiFine] (Reflector) Class not present: net.minecraftforge.fml.common.ModContainer
[12:22:01] [Render thread/INFO]: [OptiFine] (Reflector) Class not present: net.minecraftforge.client.gui.NotificationModUpdateScreen
[12:22:01] [Render thread/INFO]: [OptiFine] (Reflector) Class not present: net.minecraftforge.entity.PartEntity
[12:22:01] [Render thread/INFO]: [OptiFine] (Reflector) Class not present: net.minecraftforge.event.entity.PlaySoundAtEntityEvent
[12:22:01] [Render thread/INFO]: [OptiFine] (Reflector) Class not present: net.minecraftforge.client.event.RenderBlockOverlayEvent$OverlayType
[12:22:01] [Render thread/INFO]: [OptiFine] (Reflector) Class not present: net.minecraftforge.fml.client.registry.RenderingRegistry
[12:22:01] [Render thread/INFO]: [OptiFine] (Reflector) Class not present: net.minecraftforge.client.event.RenderGameOverlayEvent$BossInfo
[12:22:01] [Render thread/INFO]: [OptiFine] (Reflector) Class not present: net.minecraftforge.client.event.RenderItemInFrameEvent
[12:22:01] [Render thread/INFO]: [OptiFine] (Reflector) Class not present: net.minecraftforge.client.event.RenderLivingEvent$Pre
[12:22:01] [Render thread/INFO]: [OptiFine] (Reflector) Class not present: net.minecraftforge.client.event.RenderLivingEvent$Post
[12:22:01] [Render thread/INFO]: [OptiFine] (Reflector) Class not present: net.minecraftforge.client.event.RenderNameplateEvent
[12:22:01] [Render thread/INFO]: [OptiFine] (Reflector) Class not present: net.minecraftforge.client.event.ScreenshotEvent
[12:22:01] [Render thread/INFO]: [OptiFine] (Reflector) Class not present: net.minecraftforge.fml.server.ServerLifecycleHooks
[12:22:01] [Render thread/INFO]: [OptiFine] (Reflector) Class not present: net.minecraftforge.event.world.WorldEvent$Load
[12:22:01] [Render thread/INFO]: [OptiFine] *** Reflector Vanilla ***
[12:22:01] [Worker-Main-9/INFO]: [OptiFine] Multitexture: false
[12:22:01] [Worker-Main-11/INFO]: [OptiFine] Multitexture: false
[12:22:01] [Worker-Main-14/INFO]: [OptiFine] Multitexture: false
[12:22:01] [Realms Notification Availability checker #1/INFO]: Could not authorize you against Realms server: java.lang.RuntimeException: Failed to parse into SignedJWT: null
[12:22:02] [Worker-Main-12/INFO]: [OptiFine] Multitexture: false
[12:22:02] [Worker-Main-12/INFO]: [OptiFine] Multipass connected textures: false
[12:22:02] [Worker-Main-12/INFO]: [OptiFine] Mipmap levels: 4
[12:22:03] [Worker-Main-10/ERROR]: Using missing texture, unable to load minecraft:optifine/ctm/default/empty.png : java.io.FileNotFoundException: minecraft:optifine/ctm/default/empty.png
[12:22:03] [Worker-Main-12/INFO]: [OptiFine] Multitexture: false
[12:22:03] [Worker-Main-12/INFO]: [OptiFine] Sprite size: 64
[12:22:03] [Worker-Main-12/INFO]: [OptiFine] Mipmap levels: 6
[12:22:03] [Worker-Main-12/INFO]: [OptiFine] Multitexture: false
[12:22:03] [Worker-Main-12/INFO]: [OptiFine] Sprite size: 64
[12:22:03] [Worker-Main-12/INFO]: [OptiFine] Mipmap levels: 6
[12:22:03] [Worker-Main-12/INFO]: [OptiFine] Multitexture: false
[12:22:03] [Worker-Main-12/INFO]: [OptiFine] Sprite size: 64
[12:22:03] [Worker-Main-12/INFO]: [OptiFine] Mipmap levels: 6
[12:22:03] [Worker-Main-12/INFO]: [OptiFine] Multitexture: false
[12:22:03] [Worker-Main-12/INFO]: [OptiFine] Sprite size: 64
[12:22:03] [Worker-Main-12/INFO]: [OptiFine] Mipmap levels: 6
[12:22:03] [Worker-Main-12/INFO]: [OptiFine] Multitexture: false
[12:22:03] [Worker-Main-12/INFO]: [OptiFine] Sprite size: 64
[12:22:03] [Worker-Main-12/INFO]: [OptiFine] Mipmap levels: 6
[12:22:03] [Worker-Main-12/INFO]: [OptiFine] Multitexture: false
[12:22:03] [Worker-Main-12/INFO]: [OptiFine] Sprite size: 64
[12:22:03] [Worker-Main-12/INFO]: [OptiFine] Mipmap levels: 6
ALSA lib confmisc.c:855:(parse_card) cannot find card '0'
ALSA lib conf.c:5182:(_snd_config_evaluate) function snd_func_card_inum returned error: No such file or directory
ALSA lib confmisc.c:422:(snd_func_concat) error evaluating strings
ALSA lib conf.c:5182:(_snd_config_evaluate) function snd_func_concat returned error: No such file or directory
ALSA lib confmisc.c:1334:(snd_func_refer) error evaluating name
ALSA lib conf.c:5182:(_snd_config_evaluate) function snd_func_refer returned error: No such file or directory
ALSA lib conf.c:5705:(snd_config_expand) Evaluate error: No such file or directory
ALSA lib pcm.c:2664:(snd_pcm_open_noupdate) Unknown PCM default
AL lib: (EE) ALCplaybackAlsa_open: Could not open playback device 'default': No such file or directory
ALSA lib confmisc.c:855:(parse_card) cannot find card '0'
ALSA lib conf.c:5182:(_snd_config_evaluate) function snd_func_card_inum returned error: No such file or directory
ALSA lib confmisc.c:422:(snd_func_concat) error evaluating strings
ALSA lib conf.c:5182:(_snd_config_evaluate) function snd_func_concat returned error: No such file or directory
ALSA lib confmisc.c:1334:(snd_func_refer) error evaluating name
ALSA lib conf.c:5182:(_snd_config_evaluate) function snd_func_refer returned error: No such file or directory
ALSA lib conf.c:5705:(snd_config_expand) Evaluate error: No such file or directory
ALSA lib pcm.c:2664:(snd_pcm_open_noupdate) Unknown PCM default
AL lib: (EE) ALCplaybackAlsa_open: Could not open playback device 'default': No such file or directory
ALSA lib confmisc.c:855:(parse_card) cannot find card '0'
ALSA lib conf.c:5182:(_snd_config_evaluate) function snd_func_card_inum returned error: No such file or directory
ALSA lib confmisc.c:422:(snd_func_concat) error evaluating strings
ALSA lib conf.c:5182:(_snd_config_evaluate) function snd_func_concat returned error: No such file or directory
ALSA lib confmisc.c:1334:(snd_func_refer) error evaluating name
ALSA lib conf.c:5182:(_snd_config_evaluate) function snd_func_refer returned error: No such file or directory
ALSA lib conf.c:5705:(snd_config_expand) Evaluate error: No such file or directory
ALSA lib pcm.c:2664:(snd_pcm_open_noupdate) Unknown PCM default
AL lib: (EE) ALCplaybackAlsa_open: Could not open playback device 'default': No such file or directory
[12:22:03] [Render thread/ERROR]: Error starting SoundSystem. Turning off sounds & music
java.lang.IllegalStateException: Failed to open OpenAL device
	at net.minecraft.client.audio.SoundSystem.openDevice(SoundSystem.java:135) ~[mcprec-6.13.jar:?]
	at net.minecraft.client.audio.SoundSystem.init(SoundSystem.java:51) ~[mcprec-6.13.jar:?]
	at net.minecraft.client.audio.SoundEngine.load(SoundEngine.java:83) ~[mcprec-6.13.jar:?]
	at net.minecraft.client.audio.SoundEngine.reload(SoundEngine.java:77) ~[mcprec-6.13.jar:?]
	at net.minecraft.client.audio.SoundHandler.apply(SoundHandler.java:110) ~[mcprec-6.13.jar:?]
	at net.minecraft.client.audio.SoundHandler.apply(SoundHandler.java:34) ~[mcprec-6.13.jar:?]
	at net.minecraft.client.resources.ReloadListener.lambda$reload$1(ReloadListener.java:17) ~[mcprec-6.13.jar:?]
	at java.util.concurrent.CompletableFuture.uniAccept(CompletableFuture.java:670) ~[?:1.8.0_504]
	at java.util.concurrent.CompletableFuture$UniAccept.tryFire(CompletableFuture.java:646) ~[?:1.8.0_504]
	at java.util.concurrent.CompletableFuture$Completion.run(CompletableFuture.java:456) ~[?:1.8.0_504]
	at net.minecraft.resources.AsyncReloader.lambda$null$3(AsyncReloader.java:71) ~[mcprec-6.13.jar:?]
	at net.minecraft.util.concurrent.ThreadTaskExecutor.execute(ThreadTaskExecutor.java:92) ~[mcprec-6.13.jar:?]
	at net.minecraft.resources.AsyncReloader.lambda$new$4(AsyncReloader.java:70) ~[mcprec-6.13.jar:?]
	at java.util.concurrent.CompletableFuture$UniCompletion.claim(CompletableFuture.java:543) ~[?:1.8.0_504]
	at java.util.concurrent.CompletableFuture.uniAccept(CompletableFuture.java:667) ~[?:1.8.0_504]
	at java.util.concurrent.CompletableFuture$UniAccept.tryFire(CompletableFuture.java:646) ~[?:1.8.0_504]
	at java.util.concurrent.CompletableFuture.postComplete(CompletableFuture.java:488) ~[?:1.8.0_504]
	at java.util.concurrent.CompletableFuture.postFire(CompletableFuture.java:575) ~[?:1.8.0_504]
	at java.util.concurrent.CompletableFuture$UniAccept.tryFire(CompletableFuture.java:649) ~[?:1.8.0_504]
	at java.util.concurrent.CompletableFuture$Completion.run(CompletableFuture.java:456) ~[?:1.8.0_504]
	at com.mojang.blaze3d.systems.RenderSystem.replayQueue(RenderSystem.java:101) [mcprec-6.13.jar:?]
	at com.mojang.blaze3d.systems.RenderSystem.flipFrame(RenderSystem.java:90) [mcprec-6.13.jar:?]
	at net.minecraft.client.MainWindow.flipFrame(MainWindow.java:356) [mcprec-6.13.jar:?]
	at net.minecraft.client.Minecraft.runGameLoop(Minecraft.java:1021) [mcprec-6.13.jar:?]
	at net.minecraft.client.Minecraft.run(Minecraft.java:608) [mcprec-6.13.jar:?]
	at net.minecraft.client.main.Main.main(Main.java:196) [mcprec-6.13.jar:?]
[12:22:03] [Render thread/INFO]: Created: 1024x512x4 minecraft:textures/atlas/blocks.png-atlas
[12:22:03] [Render thread/WARN]: [OptiFine] Missing CTM sprite: minecraft:optifine/ctm/default/empty
[12:22:03] [Render thread/INFO]: [OptiFine] Animated sprites: 43
[12:22:03] [Render thread/INFO]: Created: 256x128x4 minecraft:textures/atlas/signs.png-atlas
[12:22:03] [Render thread/INFO]: [OptiFine] Animated sprites: 0
[12:22:03] [Render thread/INFO]: Created: 512x512x4 minecraft:textures/atlas/banner_patterns.png-atlas
[12:22:03] [Render thread/INFO]: [OptiFine] Animated sprites: 0
[12:22:03] [Render thread/INFO]: Created: 512x512x4 minecraft:textures/atlas/shield_patterns.png-atlas
[12:22:03] [Render thread/INFO]: [OptiFine] Animated sprites: 0
[12:22:03] [Render thread/INFO]: Created: 256x256x4 minecraft:textures/atlas/chest.png-atlas
[12:22:03] [Render thread/INFO]: [OptiFine] Animated sprites: 0
[12:22:03] [Render thread/INFO]: Created: 512x256x4 minecraft:textures/atlas/beds.png-atlas
[12:22:03] [Render thread/INFO]: [OptiFine] Animated sprites: 0
[12:22:03] [Render thread/INFO]: Created: 512x256x4 minecraft:textures/atlas/shulker_boxes.png-atlas
[12:22:03] [Render thread/INFO]: [OptiFine] Animated sprites: 0
[12:22:04] [Render thread/INFO]: Created: 256x256x0 minecraft:textures/atlas/particles.png-atlas
[12:22:04] [Render thread/INFO]: [OptiFine] Animated sprites: 0
[12:22:04] [Render thread/INFO]: Created: 256x256x0 minecraft:textures/atlas/paintings.png-atlas
[12:22:04] [Render thread/INFO]: [OptiFine] Animated sprites: 0
[12:22:04] [Render thread/INFO]: Created: 128x128x0 minecraft:textures/atlas/mob_effects.png-atlas
[12:22:04] [Render thread/INFO]: [OptiFine] Animated sprites: 0
[12:22:04] [Render thread/INFO]: [OptiFine] *** Reloading custom textures ***
[12:22:04] [Render thread/INFO]: [OptiFine] Disable Forge light pipeline
[12:22:05] [Thread-5/INFO]: [STDOUT]: ***** Start MalmoEnvServer on port 9065
[12:22:05] [Thread-5/INFO]: [STDOUT]: CLIENT enter state: DORMANT
[12:22:05] [Thread-5/INFO]: [STDOUT]: SERVER enter state: DORMANT
[12:22:05] [EnvServerSocketHandler/INFO]: Received Mission token 8a329fad-59f2-46ac-bd54-a66abab6c9a1:0:0:1:true:384128491
[12:22:05] [EnvServerSocketHandler/INFO]: Received mission init command  <MissionInit xmlns="http://ProjectMalmo.microsoft.com" xmlns:xsi="http://www.w3.org/2001/XMLSchema-instance" SchemaVersion="" PlatformVersion="0.37.0"><Mission><About><Summary>MineRLHumanSurvival-v0</Summary></About><ModSettings><MsPerTick>50</MsPerTick></ModSettings><ServerSection><ServerInitialConditions><Time><AllowPassageOfTime>true</AllowPassageOfTime></Time><AllowSpawning>true</AllowSpawning></ServerInitialConditions><ServerHandlers><DefaultWorldGenerator forceReset="true" generatorOptions="{}"/><ServerQuitWhenAnyAgentFinishes/></ServerHandlers></ServerSection><AgentSection mode="Survival"><Name>MineRLAgent0</Name><AgentStart><LowLevelInputs>true</LowLevelInputs><GuiScale>1.0</GuiScale><GammaSetting>2.0</GammaSetting><FOVSetting>70.0</FOVSetting><FakeCursorSize>16</FakeCursorSize><Inventory/><PreferredSpawnBiome>plains</PreferredSpawnBiome></AgentStart><AgentHandlers><FileBasedPerformanceProducer/><PauseCommand/><VideoProducer want_depth="false"><Width>640</Width><Height>360</Height></VideoProducer><ObservationFromFullInventory flat="false"/><ObservationFromEquippedItem/><ObservationFromFullStats/><ObservationFromFullStats/><HumanLevelCommands/><CameraCommands/><ChatCommands/><IsGuiOpen/></AgentHandlers></AgentSection></Mission><ExperimentUID>8a329fad-59f2-46ac-bd54-a66abab6c9a1</ExperimentUID><ClientRole>0</ClientRole><ClientAgentConnection><ClientIPAddress>127.0.0.1</ClientIPAddress><ClientMissionControlPort>0</ClientMissionControlPort><ClientCommandsPort>0</ClientCommandsPort><AgentIPAddress>127.0.0.1</AgentIPAddress><AgentMissionControlPort>0</AgentMissionControlPort><AgentVideoPort>0</AgentVideoPort><AgentDepthPort>0</AgentDepthPort><AgentLuminancePort>0</AgentLuminancePort><AgentObservationsPort>0</AgentObservationsPort><AgentRewardsPort>0</AgentRewardsPort><AgentColourMapPort>0</AgentColourMapPort></ClientAgentConnection></MissionInit>
[12:22:06] [EnvServerSocketHandler/INFO]: [STDOUT]: Setting width, height to 640, 360
[12:22:06] [EnvServerSocketHandler/INFO]: [STDOUT]: Gamma: 2.0
[12:22:06] [EnvServerSocketHandler/INFO]: [STDOUT]: FOV: 70.0
[12:22:06] [EnvServerSocketHandler/INFO]: [STDOUT]: GuiScale: 1.0
[12:22:06] [Render thread/WARN]: Ambiguity between arguments [teleport, destination] and [teleport, targets] with inputs: [Player, 0123, @e, dd12be42-52a9-4a91-a8a1-11c01849e498]
[12:22:06] [Render thread/WARN]: Ambiguity between arguments [teleport, location] and [teleport, destination] with inputs: [0.1 -0.5 .9, 0 0 0]
[12:22:06] [Render thread/WARN]: Ambiguity between arguments [teleport, location] and [teleport, targets] with inputs: [0.1 -0.5 .9, 0 0 0]
[12:22:06] [Render thread/WARN]: Ambiguity between arguments [teleport, targets] and [teleport, destination] with inputs: [Player, 0123, dd12be42-52a9-4a91-a8a1-11c01849e498]
[12:22:06] [Render thread/WARN]: Ambiguity between arguments [teleport, targets, location] and [teleport, targets, destination] with inputs: [0.1 -0.5 .9, 0 0 0]
[12:22:06] [Render thread/INFO]: Reloading ResourceManager: Default
[12:22:07] [Render thread/INFO]: Loaded 7 recipes
[12:22:07] [Render thread/INFO]: Loaded 927 advancements
[12:22:08] [Render thread/INFO]: Environment: authHost='https://authserver.mojang.com', accountsHost='https://api.mojang.com', sessionHost='https://sessionserver.mojang.com', servicesHost='https://api.minecraftservices.com', name='PROD'
[12:22:08] [Render thread/INFO]: Starting integrated minecraft server version 1.16.5
[12:22:08] [Render thread/INFO]: Generating keypair
[12:22:14] [Render thread/INFO]: Preparing start region for dimension minecraft:overworld
[12:22:22] [Render thread/INFO]: Changing view distance to 7, from 10
[12:22:23] [Render thread/INFO]: MineRLAgent0[local:E:4a3cff4a] logged in with entity id 347 at (2394.5, 63.0, -803.5)
[12:22:23] [Render thread/INFO]: MineRLAgent0 joined the game
[12:22:23] [Render thread/INFO]: [STDOUT]: *** creating fake mouse cursor ***
[12:22:23] [Render thread/INFO]: Preparing spawn area: 4%
[12:22:23] [Render thread/INFO]: Time elapsed: 5 ms
[12:22:24] [Render thread/INFO]: [STDOUT]: Starting new video null
[12:22:24] [Render thread/INFO]: Saving and pausing game...
[12:22:24] [Render thread/INFO]: Saving chunks for level 'ServerLevel[mcpworld004b333bfddb]'/minecraft:overworld
[12:22:24] [Render thread/INFO]: Saving chunks for level 'ServerLevel[mcpworld004b333bfddb]'/minecraft:the_nether
[12:22:24] [Render thread/INFO]: Saving chunks for level 'ServerLevel[mcpworld004b333bfddb]'/minecraft:the_end
[12:22:24] [Render thread/WARN]: Failed to load texture: minecraft:optifine/ctm/default/empty.png
java.io.FileNotFoundException: minecraft:optifine/ctm/default/empty.png
	at net.minecraft.resources.FallbackResourceManager.getResource(FallbackResourceManager.java:66) ~[mcprec-6.13.jar:?]
	at net.minecraft.resources.SimpleReloadableResourceManager.getResource(SimpleReloadableResourceManager.java:63) ~[mcprec-6.13.jar:?]
	at net.minecraft.client.renderer.texture.SimpleTexture$TextureData.getTextureData(SimpleTexture.java:96) ~[mcprec-6.13.jar:?]
	at net.minecraft.client.renderer.texture.SimpleTexture.getTextureData(SimpleTexture.java:72) ~[mcprec-6.13.jar:?]
	at net.minecraft.client.renderer.texture.SimpleTexture.loadTexture(SimpleTexture.java:32) ~[mcprec-6.13.jar:?]
	at net.minecraft.client.renderer.texture.DownloadingTexture.lambda$loadTexture$2(DownloadingTexture.java:95) ~[mcprec-6.13.jar:?]
	at net.minecraft.util.concurrent.ThreadTaskExecutor.run(ThreadTaskExecutor.java:150) [mcprec-6.13.jar:?]
	at net.minecraft.util.concurrent.RecursiveEventLoop.run(RecursiveEventLoop.java:22) [mcprec-6.13.jar:?]
	at net.minecraft.util.concurrent.ThreadTaskExecutor.driveOne(ThreadTaskExecutor.java:124) [mcprec-6.13.jar:?]
	at net.minecraft.util.concurrent.ThreadTaskExecutor.drainTasks(ThreadTaskExecutor.java:107) [mcprec-6.13.jar:?]
	at net.minecraft.client.Minecraft.runGameLoop(Minecraft.java:960) [mcprec-6.13.jar:?]
	at net.minecraft.client.Minecraft.run(Minecraft.java:608) [mcprec-6.13.jar:?]
	at net.minecraft.client.main.Main.main(Main.java:196) [mcprec-6.13.jar:?]
[12:22:25] [Render thread/INFO]: Loaded 0 advancements
[12:22:26] [Render thread/INFO]: [MineRLAgent0: Gamerule sendCommandFeedback is now set to: false]
[12:22:27] [Render thread/INFO]: [MineRLAgent0: Gamerule commandBlockOutput is now set to: false]
[12:22:27] [Render thread/INFO]: [MineRLAgent0: Gamerule keepInventory is now set to: true]
[12:22:27] [Render thread/INFO]: [MineRLAgent0: Applied effect Night Vision to MineRLAgent0]
[12:22:27] [Render thread/INFO]: [MineRLAgent0: Gamerule doDaylightCycle is now set to: false]
[12:22:27] [Render thread/INFO]: [MineRLAgent0: Set the time to 0]
[12:22:27] [Render thread/INFO]: [MineRLAgent0: Gamerule doImmediateRespawn is now set to: true]
[12:22:27] [Render thread/INFO]: [MineRLAgent0: Set spawn point to 2394, 63, -804 [0.0] in minecraft:overworld for MineRLAgent0]
[12:22:42] [Render thread/INFO]: Loaded 4 advancements
[12:22:51] [Render thread/INFO]: Loaded 16 advancements
[12:22:53] [Render thread/INFO]: Loaded 19 advancements
[12:22:55] [Render thread/INFO]: Loaded 28 advancements
[12:23:11] [Render thread/INFO]: MineRLAgent0 has made the advancement [Stone Age]
[12:23:11] [Render thread/INFO]: [CHAT] MineRLAgent0 has made the advancement [Stone Age]
[12:23:11] [Render thread/INFO]: Loaded 43 advancements
[12:23:34] [Render thread/INFO]: Loaded 44 advancements
[12:23:41] [Render thread/INFO]: MineRLAgent0 has made the advancement [Getting an Upgrade]
[12:23:41] [Render thread/INFO]: [CHAT] MineRLAgent0 has made the advancement [Getting an Upgrade]
[12:23:41] [Render thread/INFO]: Loaded 48 advancements
[12:23:49] [Render thread/INFO]: Loaded 58 advancements
[12:23:55] [Render thread/INFO]: Loaded 59 advancements
[12:24:01] [Render thread/INFO]: Loaded 69 advancements
[12:24:28] [Render thread/INFO]: [MineRLAgent0: Changed the block at 2412, 47, -777]
[12:24:39] [Render thread/INFO]: [MineRLAgent0: Changed the block at 2412, 46, -776]
[12:24:45] [Render thread/INFO]: [MineRLAgent0: Changed the block at 2413, 45, -775]
[12:25:04] [Render thread/INFO]: [MineRLAgent0: Changed the block at 2413, 40, -777]
[12:25:12] [Render thread/INFO]: [MineRLAgent0: Changed the block at 2413, 37, -775]
[12:25:13] [Render thread/INFO]: [MineRLAgent0: Changed the block at 2413, 38, -775]
[12:25:17] [Render thread/INFO]: Loaded 71 advancements
[12:25:20] [Render thread/INFO]: [MineRLAgent0: Changed the block at 2412, 36, -777]
[12:25:23] [Render thread/INFO]: [MineRLAgent0: Changed the block at 2412, 32, -777]
[12:25:23] [Render thread/INFO]: [MineRLAgent0: Changed the block at 2412, 29, -777]
[12:25:24] [Render thread/INFO]: [MineRLAgent0: Changed the block at 2412, 30, -777]
[12:25:26] [Render thread/INFO]: [MineRLAgent0: Changed the block at 2412, 27, -777]
[12:25:34] [Render thread/INFO]: MineRLAgent0 has made the advancement [Acquire Hardware]
[12:25:34] [Render thread/INFO]: [CHAT] MineRLAgent0 has made the advancement [Acquire Hardware]
[12:25:34] [Render thread/INFO]: Loaded 97 advancements
[12:25:36] [Render thread/INFO]: [STDOUT]: Starting new video null
[12:25:50] [EnvServerSocketHandler/INFO]: [STDOUT]: *** Stopping the replay, returning control to the inputs
