SLF4J: Failed to load class "org.slf4j.impl.StaticLoggerBinder".
SLF4J: Defaulting to no-operation (NOP) logger implementation
SLF4J: See http://www.slf4j.org/codes.html#StaticLoggerBinder for further details.
[11:09:08] [main/INFO]: [OptiFine] (Reflector) Field not found: World.tileEntitiesToBeRemoved
[11:09:08] [main/INFO]: [OptiFine] (Reflector) Class not present: net.minecraftforge.eventbus.api.Event$Result
[11:09:08] [main/INFO]: [OptiFine] (Reflector) Method not present: net.minecraftforge.common.extensions.IForgeBlockState.hasTileEntity
[11:09:08] [main/INFO]: [OptiFine] (Reflector) Class not present: net.minecraftforge.common.extensions.IForgeEntity
[11:09:08] [main/INFO]: [OptiFine] (Reflector) Class not present: net.minecraftforge.fml.CrashReportExtender
[11:09:08] [main/INFO]: [OptiFine] (Reflector) Method not present: net.minecraft.tags.ItemTags.createOptional
[11:09:11] [Render thread/INFO]: [OptiFine] (Reflector) Class not present: net.minecraftforge.client.ForgeHooksClient
[11:09:11] [Render thread/INFO]: Environment: authHost='https://authserver.mojang.com', accountsHost='https://api.mojang.com', sessionHost='https://sessionserver.mojang.com', servicesHost='https://api.minecraftservices.com', name='PROD'
[11:09:12] [Render thread/INFO]: Setting user: Player890
[11:09:12] [Render thread/INFO]: [OptiFine] (Reflector) Class not present: net.minecraftforge.client.settings.KeyConflictContext
[11:09:12] [Render thread/INFO]: [OptiFine] (Reflector) Class not present: net.minecraft.launchwrapper.Launch
[11:09:12] [Render thread/INFO]: Backend library: LWJGL version 3.2.2 SNAPSHOT
[11:09:13] [Render thread/INFO]: [OptiFine] 
[11:09:13] [Render thread/INFO]: [OptiFine] OptiFine_1.16.5_HD_U_G8
[11:09:13] [Render thread/INFO]: [OptiFine] (Reflector) Class not present: optifine.OptiFineResourceLocator
[11:09:13] [Render thread/INFO]: [OptiFine] Build: null
[11:09:13] [Render thread/INFO]: [OptiFine] OS: Linux (amd64) version 6.8.0-87-generic
[11:09:13] [Render thread/INFO]: [OptiFine] Java: 1.8.0_504, Ubuntu
[11:09:13] [Render thread/INFO]: [OptiFine] VM: OpenJDK 64-Bit Server VM (mixed mode), Ubuntu
[11:09:13] [Render thread/INFO]: [OptiFine] LWJGL: 3.3.0 X11 GLX EGL OSMesa clock_gettime evdev shared
[11:09:13] [Render thread/INFO]: [OptiFine] OpenGL: llvmpipe (LLVM 15.0.7, 256 bits), version 4.5 (Compatibility Profile) Mesa 23.2.1-1ubuntu3.1~22.04.4, Mesa
[11:09:13] [Render thread/INFO]: [OptiFine] OpenGL Version: 4.5.0
[11:09:13] [Render thread/INFO]: [OptiFine] Maximum texture size: 16384x16384
[11:09:13] [VersionCheck/INFO]: [OptiFine] Checking for new version
[11:09:13] [Render thread/INFO]: [Shaders] OpenGL Version: 4.5 (Compatibility Profile) Mesa 23.2.1-1ubuntu3.1~22.04.4
[11:09:13] [Render thread/INFO]: [Shaders] Vendor:  Mesa
[11:09:13] [Render thread/INFO]: [Shaders] Renderer: llvmpipe (LLVM 15.0.7, 256 bits)
[11:09:13] [Render thread/INFO]: [Shaders] Capabilities:  2.0  2.1  3.0  3.2  4.0 
[11:09:13] [Render thread/INFO]: [Shaders] GL_MAX_DRAW_BUFFERS: 8
[11:09:13] [Render thread/INFO]: [Shaders] GL_MAX_COLOR_ATTACHMENTS_EXT: 8
[11:09:13] [Render thread/INFO]: [Shaders] GL_MAX_TEXTURE_IMAGE_UNITS: 32
[11:09:13] [Render thread/INFO]: [Shaders] Load shaders configuration.
[11:09:13] [Render thread/INFO]: [Shaders] Save shaders configuration.
[11:09:13] [Render thread/INFO]: [Shaders] No shaderpack loaded.
[11:09:13] [Render thread/INFO]: [OptiFine] (Reflector) Class not present: net.minecraftforge.fml.common.Loader
[11:09:14] [VersionCheck/INFO]: [OptiFine] Version found: G7
[11:09:14] [Render thread/INFO]: [OptiFine] (Reflector) Class not present: net.minecraftforge.client.ItemModelMesherForge
[11:09:14] [Render thread/INFO]: [OptiFine] (Reflector) Class not present: net.minecraftforge.client.model.pipeline.ForgeBlockModelRenderer
[11:09:14] [Render thread/WARN]: ERROR : Couldn't load Narrator library : Unable to load library 'fliteWrapper': Can't obtain InputStream for linux-x86-64/libfliteWrapper.so
[11:09:14] [Render thread/INFO]: [OptiFine] (Reflector) Class not present: net.minecraftforge.fml.client.gui.screen.ModListScreen
[11:09:14] [Render thread/INFO]: Reloading ResourceManager: Default
[11:09:14] [Render thread/INFO]: [OptiFine] *** Reloading textures ***
[11:09:14] [Render thread/INFO]: [OptiFine] Resource packs: Default
[11:09:14] [Worker-Main-13/INFO]: [OptiFine] (Reflector) Class not present: net.minecraftforge.client.model.ModelLoaderRegistry
[11:09:14] [Render thread/INFO]: [OptiFine] (Reflector) Method not present: net.minecraft.client.renderer.RenderTypeLookup.canRenderInLayer
[11:09:14] [Render thread/INFO]: [OptiFine] *** Reflector Forge ***
[11:09:14] [Render thread/INFO]: [OptiFine] (Reflector) Class not present: mods.betterfoliage.client.BetterFoliageClient
[11:09:14] [Render thread/INFO]: [OptiFine] (Reflector) Class not present: net.minecraftforge.fml.BrandingControl
[11:09:14] [Render thread/INFO]: [OptiFine] (Reflector) Class not present: net.minecraftforge.common.capabilities.ICapabilityProvider
[11:09:14] [Render thread/INFO]: [OptiFine] (Reflector) Class not present: net.minecraftforge.common.capabilities.CapabilityProvider
[11:09:14] [Render thread/INFO]: [OptiFine] (Reflector) Class not present: net.minecraftforge.fml.client.ClientModLoader
[11:09:14] [Render thread/INFO]: [OptiFine] (Reflector) Class not present: net.minecraftforge.event.world.ChunkDataEvent$Save
[11:09:14] [Render thread/INFO]: [OptiFine] (Reflector) Class not present: net.minecraftforge.event.world.ChunkEvent$Load
[11:09:14] [Render thread/INFO]: [OptiFine] (Reflector) Class not present: net.minecraftforge.event.world.ChunkEvent$Unload
[11:09:14] [Render thread/INFO]: [OptiFine] (Reflector) Class not present: net.minecraftforge.fml.client.ClientHooks
[11:09:14] [Render thread/INFO]: [OptiFine] (Reflector) Class not present: net.minecraftforge.client.event.GuiScreenEvent$DrawScreenEvent$Pre
[11:09:14] [Render thread/INFO]: [OptiFine] (Reflector) Class not present: net.minecraftforge.client.event.GuiScreenEvent$DrawScreenEvent$Post
[11:09:14] [Render thread/INFO]: [OptiFine] (Reflector) Method not present: net.minecraftforge.fml.loading.progress.EarlyProgressVisualization.handOffWindow
[11:09:14] [Render thread/INFO]: [OptiFine] (Reflector) Class not present: net.minecraftforge.event.entity.EntityLeaveWorldEvent
[11:09:14] [Render thread/INFO]: [OptiFine] (Reflector) Class not present: net.minecraftforge.client.event.EntityViewRenderEvent$CameraSetup
[11:09:14] [Render thread/INFO]: [OptiFine] (Reflector) Class not present: net.minecraftforge.client.event.EntityViewRenderEvent$FogColors
[11:09:14] [Render thread/INFO]: [OptiFine] (Reflector) Class not present: net.minecraftforge.client.event.EntityViewRenderEvent$RenderFogEvent
[11:09:14] [Render thread/INFO]: [OptiFine] (Reflector) Class not present: net.minecraftforge.event.entity.EntityJoinWorldEvent
[11:09:14] [Render thread/INFO]: [OptiFine] (Reflector) Method not present: net.minecraftforge.eventbus.api.Event.isCanceled
[11:09:14] [Render thread/INFO]: [OptiFine] (Reflector) Method not present: net.minecraftforge.eventbus.api.Event.getResult
[11:09:14] [Render thread/INFO]: [OptiFine] (Reflector) Class not present: net.minecraftforge.eventbus.api.IEventBus
[11:09:14] [Render thread/INFO]: [OptiFine] (Reflector) Class not present: net.minecraftforge.common.extensions.IForgeBlock
[11:09:14] [Render thread/INFO]: [OptiFine] (Reflector) Method not present: net.minecraft.client.renderer.BlockModelShapes.getTexture
[11:09:14] [Render thread/INFO]: [OptiFine] (Reflector) Method not present: net.minecraftforge.common.extensions.IForgeBlockState.addDestroyEffects
[11:09:14] [Render thread/INFO]: [OptiFine] (Reflector) Method not present: net.minecraftforge.common.extensions.IForgeBlockState.addHitEffects
[11:09:14] [Render thread/INFO]: [OptiFine] (Reflector) Method not present: net.minecraftforge.common.extensions.IForgeBlockState.getLightValue
[11:09:14] [Render thread/INFO]: [OptiFine] (Reflector) Method not present: net.minecraftforge.common.extensions.IForgeBlockState.getSoundType
[11:09:14] [Render thread/INFO]: [OptiFine] (Reflector) Method not present: net.minecraftforge.common.extensions.IForgeBlockState.getStateAtViewpoint
[11:09:14] [Render thread/INFO]: [OptiFine] (Reflector) Method not present: net.minecraftforge.common.extensions.IForgeBlockState.isAir
[11:09:14] [Render thread/INFO]: [OptiFine] (Reflector) Method not present: net.minecraftforge.common.extensions.IForgeBlockState.shouldDisplayFluidOverlay
[11:09:14] [Render thread/INFO]: [OptiFine] (Reflector) Class not present: net.minecraftforge.common.extensions.IForgeFluid
[11:09:14] [Render thread/INFO]: [OptiFine] (Reflector) Class not present: net.minecraftforge.fluids.FluidAttributes
[11:09:14] [Render thread/INFO]: [OptiFine] (Reflector) Method not present: net.minecraft.entity.EntityType.getTags
[11:09:14] [Render thread/INFO]: [OptiFine] (Reflector) Class not present: net.minecraftforge.event.ForgeEventFactory
[11:09:14] [Render thread/INFO]: [OptiFine] (Reflector) Method not present: net.minecraft.fluid.Fluid.getTags
[11:09:14] [Render thread/INFO]: [OptiFine] (Reflector) Class not present: net.minecraftforge.common.ForgeHooks
[11:09:14] [Render thread/INFO]: [OptiFine] (Reflector) Class not present: net.minecraftforge.common.ForgeConfig
[11:09:14] [Render thread/INFO]: [OptiFine] (Reflector) Class not present: net.minecraftforge.common.ForgeConfig$Client
[11:09:14] [Render thread/INFO]: [OptiFine] (Reflector) Class not present: net.minecraftforge.common.ForgeConfigSpec
[11:09:14] [Render thread/INFO]: [OptiFine] (Reflector) Class not present: net.minecraftforge.common.ForgeConfigSpec$ConfigValue
[11:09:14] [Render thread/INFO]: [OptiFine] (Reflector) Method not present: net.minecraft.world.chunk.IChunk.getWorldForge
[11:09:14] [Render thread/INFO]: [OptiFine] (Reflector) Class not present: net.minecraftforge.common.extensions.IForgeItem
[11:09:14] [Render thread/INFO]: [OptiFine] (Reflector) Class not present: net.minecraftforge.common.extensions.IForgeItemStack
[11:09:14] [Render thread/INFO]: [OptiFine] (Reflector) Class not present: net.minecraftforge.fml.ForgeI18n
[11:09:14] [Render thread/INFO]: [OptiFine] (Reflector) Method not present: net.minecraft.client.settings.KeyBinding.setKeyConflictContext
[11:09:14] [Render thread/INFO]: [OptiFine] (Reflector) Method not present: net.minecraft.client.settings.KeyBinding.setKeyModifierAndCode
[11:09:14] [Render thread/INFO]: [OptiFine] (Reflector) Method not present: net.minecraft.client.settings.KeyBinding.getKeyModifier
[11:09:14] [Render thread/INFO]: [OptiFine] (Reflector) Class not present: net.minecraftforge.common.extensions.IForgeEffectInstance
[11:09:14] [Render thread/INFO]: [OptiFine] (Reflector) Class not present: net.minecraftforge.registries.ForgeRegistryEntry
[11:09:14] [Render thread/INFO]: [OptiFine] (Reflector) Method not present: net.minecraft.client.renderer.RenderTypeLookup.canRenderInLayer
[11:09:14] [Render thread/INFO]: [OptiFine] (Reflector) Constructor not present: net.minecraft.world.server.Ticket, params: class net.minecraft.world.server.TicketType, int, class java.lang.Object, boolean
[11:09:14] [Worker-Main-9/INFO]: [OptiFine] Multitexture: false
[11:09:14] [Worker-Main-11/INFO]: [OptiFine] Multitexture: false
[11:09:14] [Worker-Main-8/INFO]: [OptiFine] Multitexture: false
[11:09:14] [Render thread/INFO]: [OptiFine] (Reflector) Method not present: net.minecraft.world.server.Ticket.isForceTicks
[11:09:14] [Render thread/INFO]: [OptiFine] (Reflector) Class not present: net.minecraftforge.common.extensions.IForgeTileEntity
[11:09:14] [Render thread/INFO]: [OptiFine] (Reflector) Method not present: net.minecraft.client.world.DimensionRenderInfo.getCloudRenderHandler
[11:09:14] [Render thread/INFO]: [OptiFine] (Reflector) Method not present: net.minecraft.client.world.DimensionRenderInfo.getSkyRenderHandler
[11:09:14] [Render thread/INFO]: [OptiFine] (Reflector) Method not present: net.minecraft.client.world.DimensionRenderInfo.getWeatherParticleRenderHandler
[11:09:14] [Render thread/INFO]: [OptiFine] (Reflector) Method not present: net.minecraft.client.world.DimensionRenderInfo.getWeatherRenderHandler
[11:09:14] [Render thread/INFO]: [OptiFine] (Reflector) Class not present: net.minecraftforge.client.IRenderHandler
[11:09:14] [Render thread/INFO]: [OptiFine] (Reflector) Class not present: net.minecraftforge.client.settings.KeyModifier
[11:09:14] [Render thread/INFO]: [OptiFine] (Reflector) Class not present: net.minecraftforge.client.model.pipeline.LightUtil
[11:09:14] [Render thread/INFO]: [OptiFine] (Reflector) Class not present: net.minecraftforge.common.MinecraftForge
[11:09:14] [Render thread/INFO]: [OptiFine] (Reflector) Class not present: net.minecraftforge.client.MinecraftForgeClient
[11:09:14] [Render thread/INFO]: [OptiFine] (Reflector) Class not present: net.minecraftforge.fml.common.ModContainer
[11:09:14] [Render thread/INFO]: [OptiFine] (Reflector) Class not present: net.minecraftforge.client.gui.NotificationModUpdateScreen
[11:09:14] [Render thread/INFO]: [OptiFine] (Reflector) Class not present: net.minecraftforge.entity.PartEntity
[11:09:14] [Render thread/INFO]: [OptiFine] (Reflector) Class not present: net.minecraftforge.event.entity.PlaySoundAtEntityEvent
[11:09:14] [Render thread/INFO]: [OptiFine] (Reflector) Class not present: net.minecraftforge.client.event.RenderBlockOverlayEvent$OverlayType
[11:09:14] [Render thread/INFO]: [OptiFine] (Reflector) Class not present: net.minecraftforge.fml.client.registry.RenderingRegistry
[11:09:14] [Render thread/INFO]: [OptiFine] (Reflector) Class not present: net.minecraftforge.client.event.RenderGameOverlayEvent$BossInfo
[11:09:14] [Render thread/INFO]: [OptiFine] (Reflector) Class not present: net.minecraftforge.client.event.RenderItemInFrameEvent
[11:09:14] [Render thread/INFO]: [OptiFine] (Reflector) Class not present: net.minecraftforge.client.event.RenderLivingEvent$Pre
[11:09:14] [Render thread/INFO]: [OptiFine] (Reflector) Class not present: net.minecraftforge.client.event.RenderLivingEvent$Post
[11:09:14] [Render thread/INFO]: [OptiFine] (Reflector) Class not present: net.minecraftforge.client.event.RenderNameplateEvent
[11:09:14] [Render thread/INFO]: [OptiFine] (Reflector) Class not present: net.minecraftforge.client.event.ScreenshotEvent
[11:09:14] [Render thread/INFO]: [OptiFine] (Reflector) Class not present: net.minecraftforge.fml.server.ServerLifecycleHooks
[11:09:14] [Render thread/INFO]: [OptiFine] (Reflector) Class not present: net.minecraftforge.event.world.WorldEvent$Load
[11:09:14] [Render thread/INFO]: [OptiFine] *** Reflector Vanilla ***
[11:09:14] [Realms Notification Availability checker #1/INFO]: Could not authorize you against Realms server: java.lang.RuntimeException: Failed to parse into SignedJWT: null
[11:09:16] [Worker-Main-13/INFO]: [OptiFine] Multitexture: false
[11:09:16] [Worker-Main-13/INFO]: [OptiFine] Multipass connected textures: false
[11:09:16] [Worker-Main-13/INFO]: [OptiFine] Mipmap levels: 4
[11:09:16] [Worker-Main-8/ERROR]: Using missing texture, unable to load minecraft:optifine/ctm/default/empty.png : java.io.FileNotFoundException: minecraft:optifine/ctm/default/empty.png
[11:09:17] [Worker-Main-13/INFO]: [OptiFine] Multitexture: false
[11:09:17] [Worker-Main-13/INFO]: [OptiFine] Sprite size: 64
[11:09:17] [Worker-Main-13/INFO]: [OptiFine] Mipmap levels: 6
[11:09:17] [Worker-Main-13/INFO]: [OptiFine] Multitexture: false
[11:09:17] [Worker-Main-13/INFO]: [OptiFine] Sprite size: 64
[11:09:17] [Worker-Main-13/INFO]: [OptiFine] Mipmap levels: 6
[11:09:17] [Worker-Main-13/INFO]: [OptiFine] Multitexture: false
[11:09:17] [Worker-Main-13/INFO]: [OptiFine] Sprite size: 64
[11:09:17] [Worker-Main-13/INFO]: [OptiFine] Mipmap levels: 6
[11:09:17] [Worker-Main-13/INFO]: [OptiFine] Multitexture: false
[11:09:17] [Worker-Main-13/INFO]: [OptiFine] Sprite size: 64
[11:09:17] [Worker-Main-13/INFO]: [OptiFine] Mipmap levels: 6
[11:09:17] [Worker-Main-13/INFO]: [OptiFine] Multitexture: false
[11:09:17] [Worker-Main-13/INFO]: [OptiFine] Sprite size: 64
[11:09:17] [Worker-Main-13/INFO]: [OptiFine] Mipmap levels: 6
[11:09:17] [Worker-Main-13/INFO]: [OptiFine] Multitexture: false
[11:09:17] [Worker-Main-13/INFO]: [OptiFine] Sprite size: 64
[11:09:17] [Worker-Main-13/INFO]: [OptiFine] Mipmap levels: 6
ALSA lib confmisc.c:855:(parse_card) cannot find card '0'
ALSA lib conf.c:5182:(_snd_config_evaluate) function snd_func_card_inum returned error: No such file or directory
ALSA lib confmisc.c:422:(snd_func_concat) error evaluating strings
ALSA lib conf.c:5182:(_snd_config_evaluate) function snd_func_concat returned error: No such file or directory
ALSA lib confmisc.c:1334:(snd_func_refer) error evaluating name
ALSA lib conf.c:5182:(_snd_config_evaluate) function snd_func_refer returned error: No such file or directory
ALSA lib conf.c:5705:(snd_config_expand) Evaluate error: No such file or directory
ALSA lib pcm.c:2664:(snd_pcm_open_noupdate) Unknown PCM default
AL lib: (EE) ALCplaybackAlsa_open: Could not open playback device 'default': No such file or directory
ALSA lib confmisc.c:855:(parse_card) cannot find card '0'
ALSA lib conf.c:5182:(_snd_config_evaluate) function snd_func_card_inum returned error: No such file or directory
ALSA lib confmisc.c:422:(snd_func_concat) error evaluating strings
ALSA lib conf.c:5182:(_snd_config_evaluate) function snd_func_concat returned error: No such file or directory
ALSA lib confmisc.c:1334:(snd_func_refer) error evaluating name
ALSA lib conf.c:5182:(_snd_config_evaluate) function snd_func_refer returned error: No such file or directory
ALSA lib conf.c:5705:(snd_config_expand) Evaluate error: No such file or directory
ALSA lib pcm.c:2664:(snd_pcm_open_noupdate) Unknown PCM default
AL lib: (EE) ALCplaybackAlsa_open: Could not open playback device 'default': No such file or directory
ALSA lib confmisc.c:855:(parse_card) cannot find card '0'
ALSA lib conf.c:5182:(_snd_config_evaluate) function snd_func_card_inum returned error: No such file or directory
ALSA lib confmisc.c:422:(snd_func_concat) error evaluating strings
ALSA lib conf.c:5182:(_snd_config_evaluate) function snd_func_concat returned error: No such file or directory
ALSA lib confmisc.c:1334:(snd_func_refer) error evaluating name
ALSA lib conf.c:5182:(_snd_config_evaluate) function snd_func_refer returned error: No such file or directory
ALSA lib conf.c:5705:(snd_config_expand) Evaluate error: No such file or directory
ALSA lib pcm.c:2664:(snd_pcm_open_noupdate) Unknown PCM default
AL lib: (EE) ALCplaybackAlsa_open: Could not open playback device 'default': No such file or directory
[11:09:17] [Render thread/ERROR]: Error starting SoundSystem. Turning off sounds & music
java.lang.IllegalStateException: Failed to open OpenAL device
	at net.minecraft.client.audio.SoundSystem.openDevice(SoundSystem.java:135) ~[mcprec-6.13.jar:?]
	at net.minecraft.client.audio.SoundSystem.init(SoundSystem.java:51) ~[mcprec-6.13.jar:?]
	at net.minecraft.client.audio.SoundEngine.load(SoundEngine.java:83) ~[mcprec-6.13.jar:?]
	at net.minecraft.client.audio.SoundEngine.reload(SoundEngine.java:77) ~[mcprec-6.13.jar:?]
	at net.minecraft.client.audio.SoundHandler.apply(SoundHandler.java:110) ~[mcprec-6.13.jar:?]
	at net.minecraft.client.audio.SoundHandler.apply(SoundHandler.java:34) ~[mcprec-6.13.jar:?]
	at net.minecraft.client.resources.ReloadListener.lambda$reload$1(ReloadListener.java:17) ~[mcprec-6.13.jar:?]
	at java.util.concurrent.CompletableFuture.uniAccept(CompletableFuture.java:670) ~[?:1.8.0_504]
	at java.util.concurrent.CompletableFuture$UniAccept.tryFire(CompletableFuture.java:646) ~[?:1.8.0_504]
	at java.util.concurrent.CompletableFuture$Completion.run(CompletableFuture.java:456) ~[?:1.8.0_504]
	at net.minecraft.resources.AsyncReloader.lambda$null$3(AsyncReloader.java:71) ~[mcprec-6.13.jar:?]
	at net.minecraft.util.concurrent.ThreadTaskExecutor.execute(ThreadTaskExecutor.java:92) ~[mcprec-6.13.jar:?]
	at net.minecraft.resources.AsyncReloader.lambda$new$4(AsyncReloader.java:70) ~[mcprec-6.13.jar:?]
	at java.util.concurrent.CompletableFuture$UniCompletion.claim(CompletableFuture.java:543) ~[?:1.8.0_504]
	at java.util.concurrent.CompletableFuture.uniAccept(CompletableFuture.java:667) ~[?:1.8.0_504]
	at java.util.concurrent.CompletableFuture$UniAccept.tryFire(CompletableFuture.java:646) ~[?:1.8.0_504]
	at java.util.concurrent.CompletableFuture.postComplete(CompletableFuture.java:488) ~[?:1.8.0_504]
	at java.util.concurrent.CompletableFuture.postFire(CompletableFuture.java:575) ~[?:1.8.0_504]
	at java.util.concurrent.CompletableFuture$UniAccept.tryFire(CompletableFuture.java:649) ~[?:1.8.0_504]
	at java.util.concurrent.CompletableFuture$Completion.run(CompletableFuture.java:456) ~[?:1.8.0_504]
	at com.mojang.blaze3d.systems.RenderSystem.replayQueue(RenderSystem.java:101) [mcprec-6.13.jar:?]
	at com.mojang.blaze3d.systems.RenderSystem.flipFrame(RenderSystem.java:90) [mcprec-6.13.jar:?]
	at net.minecraft.client.MainWindow.flipFrame(MainWindow.java:356) [mcprec-6.13.jar:?]
	at net.minecraft.client.Minecraft.runGameLoop(Minecraft.java:1021) [mcprec-6.13.jar:?]
	at net.minecraft.client.Minecraft.run(Minecraft.java:608) [mcprec-6.13.jar:?]
	at net.minecraft.client.main.Main.main(Main.java:196) [mcprec-6.13.jar:?]
[11:09:17] [Render thread/INFO]: Created: 1024x512x4 minecraft:textures/atlas/blocks.png-atlas
[11:09:17] [Render thread/WARN]: [OptiFine] Missing CTM sprite: minecraft:optifine/ctm/default/empty
[11:09:17] [Render thread/INFO]: [OptiFine] Animated sprites: 43
[11:09:17] [Render thread/INFO]: Created: 256x128x4 minecraft:textures/atlas/signs.png-atlas
[11:09:17] [Render thread/INFO]: [OptiFine] Animated sprites: 0
[11:09:17] [Render thread/INFO]: Created: 512x512x4 minecraft:textures/atlas/banner_patterns.png-atlas
[11:09:17] [Render thread/INFO]: [OptiFine] Animated sprites: 0
[11:09:17] [Render thread/INFO]: Created: 512x512x4 minecraft:textures/atlas/shield_patterns.png-atlas
[11:09:17] [Render thread/INFO]: [OptiFine] Animated sprites: 0
[11:09:17] [Render thread/INFO]: Created: 256x256x4 minecraft:textures/atlas/chest.png-atlas
[11:09:17] [Render thread/INFO]: [OptiFine] Animated sprites: 0
[11:09:17] [Render thread/INFO]: Created: 512x256x4 minecraft:textures/atlas/beds.png-atlas
[11:09:17] [Render thread/INFO]: [OptiFine] Animated sprites: 0
[11:09:17] [Render thread/INFO]: Created: 512x256x4 minecraft:textures/atlas/shulker_boxes.png-atlas
[11:09:17] [Render thread/INFO]: [OptiFine] Animated sprites: 0
[11:09:18] [Render thread/INFO]: Created: 256x256x0 minecraft:textures/atlas/particles.png-atlas
[11:09:18] [Render thread/INFO]: [OptiFine] Animated sprites: 0
[11:09:18] [Render thread/INFO]: Created: 256x256x0 minecraft:textures/atlas/paintings.png-atlas
[11:09:18] [Render thread/INFO]: [OptiFine] Animated sprites: 0
[11:09:18] [Render thread/INFO]: Created: 128x128x0 minecraft:textures/atlas/mob_effects.png-atlas
[11:09:18] [Render thread/INFO]: [OptiFine] Animated sprites: 0
[11:09:18] [Render thread/INFO]: [OptiFine] *** Reloading custom textures ***
[11:09:18] [Render thread/INFO]: [OptiFine] Disable Forge light pipeline
[11:09:19] [Thread-5/INFO]: [STDOUT]: ***** Start MalmoEnvServer on port 11627
[11:09:19] [Thread-5/INFO]: [STDOUT]: CLIENT enter state: DORMANT
[11:09:19] [Thread-5/INFO]: [STDOUT]: SERVER enter state: DORMANT
[11:09:19] [EnvServerSocketHandler/INFO]: Received Mission token f9fbe70f-b3c5-471b-85e2-7936579f24ac:0:0:1:true:1543970183
[11:09:19] [EnvServerSocketHandler/INFO]: Received mission init command  <MissionInit xmlns="http://ProjectMalmo.microsoft.com" xmlns:xsi="http://www.w3.org/2001/XMLSchema-instance" SchemaVersion="" PlatformVersion="0.37.0"><Mission><About><Summary>MineRLHumanSurvival-v0</Summary></About><ModSettings><MsPerTick>50</MsPerTick></ModSettings><ServerSection><ServerInitialConditions><Time><AllowPassageOfTime>true</AllowPassageOfTime></Time><AllowSpawning>true</AllowSpawning></ServerInitialConditions><ServerHandlers><DefaultWorldGenerator forceReset="true" generatorOptions="{}"/><ServerQuitWhenAnyAgentFinishes/></ServerHandlers></ServerSection><AgentSection mode="Survival"><Name>MineRLAgent0</Name><AgentStart><LowLevelInputs>true</LowLevelInputs><GuiScale>1.0</GuiScale><GammaSetting>2.0</GammaSetting><FOVSetting>70.0</FOVSetting><FakeCursorSize>16</FakeCursorSize><Inventory/><PreferredSpawnBiome>plains</PreferredSpawnBiome></AgentStart><AgentHandlers><FileBasedPerformanceProducer/><PauseCommand/><VideoProducer want_depth="false"><Width>640</Width><Height>360</Height></VideoProducer><ObservationFromFullInventory flat="false"/><ObservationFromEquippedItem/><ObservationFromFullStats/><ObservationFromFullStats/><HumanLevelCommands/><CameraCommands/><ChatCommands/><IsGuiOpen/></AgentHandlers></AgentSection></Mission><ExperimentUID>f9fbe70f-b3c5-471b-85e2-7936579f24ac</ExperimentUID><ClientRole>0</ClientRole><ClientAgentConnection><ClientIPAddress>127.0.0.1</ClientIPAddress><ClientMissionControlPort>0</ClientMissionControlPort><ClientCommandsPort>0</ClientCommandsPort><AgentIPAddress>127.0.0.1</AgentIPAddress><AgentMissionControlPort>0</AgentMissionControlPort><AgentVideoPort>0</AgentVideoPort><AgentDepthPort>0</AgentDepthPort><AgentLuminancePort>0</AgentLuminancePort><AgentObservationsPort>0</AgentObservationsPort><AgentRewardsPort>0</AgentRewardsPort><AgentColourMapPort>0</AgentColourMapPort></ClientAgentConnection></MissionInit>
[11:09:20] [EnvServerSocketHandler/INFO]: [STDOUT]: Setting width, height to 640, 360
[11:09:20] [EnvServerSocketHandler/INFO]: [STDOUT]: Gamma: 2.0
[11:09:20] [EnvServerSocketHandler/INFO]: [STDOUT]: FOV: 70.0
[11:09:20] [EnvServerSocketHandler/INFO]: [STDOUT]: GuiScale: 1.0
[11:09:20] [Render thread/WARN]: Ambiguity between arguments [teleport, destination] and [teleport, targets] with inputs: [Player, 0123, @e, dd12be42-52a9-4a91-a8a1-11c01849e498]
[11:09:20] [Render thread/WARN]: Ambiguity between arguments [teleport, location] and [teleport, destination] with inputs: [0.1 -0.5 .9, 0 0 0]
[11:09:20] [Render thread/WARN]: Ambiguity between arguments [teleport, location] and [teleport, targets] with inputs: [0.1 -0.5 .9, 0 0 0]
[11:09:20] [Render thread/WARN]: Ambiguity between arguments [teleport, targets] and [teleport, destination] with inputs: [Player, 0123, dd12be42-52a9-4a91-a8a1-11c01849e498]
[11:09:20] [Render thread/WARN]: Ambiguity between arguments [teleport, targets, location] and [teleport, targets, destination] with inputs: [0.1 -0.5 .9, 0 0 0]
[11:09:20] [Render thread/INFO]: Reloading ResourceManager: Default
[11:09:21] [Render thread/INFO]: Loaded 7 recipes
[11:09:21] [Render thread/INFO]: Loaded 927 advancements
[11:09:22] [Render thread/INFO]: Environment: authHost='https://authserver.mojang.com', accountsHost='https://api.mojang.com', sessionHost='https://sessionserver.mojang.com', servicesHost='https://api.minecraftservices.com', name='PROD'
[11:09:22] [Render thread/INFO]: Starting integrated minecraft server version 1.16.5
[11:09:22] [Render thread/INFO]: Generating keypair
[11:09:28] [Render thread/INFO]: Preparing start region for dimension minecraft:overworld
[11:09:38] [Render thread/INFO]: Changing view distance to 7, from 10
[11:09:38] [Render thread/INFO]: MineRLAgent0[local:E:4b7aa596] logged in with entity id 259 at (130.5, 71.0, -4005.5)
[11:09:38] [Render thread/INFO]: MineRLAgent0 joined the game
[11:09:38] [Render thread/INFO]: [STDOUT]: *** creating fake mouse cursor ***
[11:09:38] [Render thread/INFO]: Preparing spawn area: 6%
[11:09:38] [Render thread/INFO]: Time elapsed: 3 ms
[11:09:39] [Render thread/INFO]: [STDOUT]: Starting new video null
[11:09:39] [Render thread/INFO]: Saving and pausing game...
[11:09:39] [Render thread/INFO]: Saving chunks for level 'ServerLevel[mcpworld9225b7424874]'/minecraft:overworld
[11:09:40] [Render thread/INFO]: Saving chunks for level 'ServerLevel[mcpworld9225b7424874]'/minecraft:the_nether
[11:09:40] [Render thread/INFO]: Saving chunks for level 'ServerLevel[mcpworld9225b7424874]'/minecraft:the_end
[11:09:40] [Render thread/WARN]: Failed to load texture: minecraft:optifine/ctm/default/empty.png
java.io.FileNotFoundException: minecraft:optifine/ctm/default/empty.png
	at net.minecraft.resources.FallbackResourceManager.getResource(FallbackResourceManager.java:66) ~[mcprec-6.13.jar:?]
	at net.minecraft.resources.SimpleReloadableResourceManager.getResource(SimpleReloadableResourceManager.java:63) ~[mcprec-6.13.jar:?]
	at net.minecraft.client.renderer.texture.SimpleTexture$TextureData.getTextureData(SimpleTexture.java:96) ~[mcprec-6.13.jar:?]
	at net.minecraft.client.renderer.texture.SimpleTexture.getTextureData(SimpleTexture.java:72) ~[mcprec-6.13.jar:?]
	at net.minecraft.client.renderer.texture.SimpleTexture.loadTexture(SimpleTexture.java:32) ~[mcprec-6.13.jar:?]
	at net.minecraft.client.renderer.texture.DownloadingTexture.lambda$loadTexture$2(DownloadingTexture.java:95) ~[mcprec-6.13.jar:?]
	at net.minecraft.util.concurrent.ThreadTaskExecutor.run(ThreadTaskExecutor.java:150) [mcprec-6.13.jar:?]
	at net.minecraft.util.concurrent.RecursiveEventLoop.run(RecursiveEventLoop.java:22) [mcprec-6.13.jar:?]
	at net.minecraft.util.concurrent.ThreadTaskExecutor.driveOne(ThreadTaskExecutor.java:124) [mcprec-6.13.jar:?]
	at net.minecraft.util.concurrent.ThreadTaskExecutor.drainTasks(ThreadTaskExecutor.java:107) [mcprec-6.13.jar:?]
	at net.minecraft.client.Minecraft.runGameLoop(Minecraft.java:960) [mcprec-6.13.jar:?]
	at net.minecraft.client.Minecraft.run(Minecraft.java:608) [mcprec-6.13.jar:?]
	at net.minecraft.client.main.Main.main(Main.java:196) [mcprec-6.13.jar:?]
[11:09:40] [Render thread/INFO]: Loaded 0 advancements
[11:09:42] [Render thread/INFO]: [MineRLAgent0: Gamerule sendCommandFeedback is now set to: false]
[11:09:42] [Render thread/INFO]: [MineRLAgent0: Gamerule commandBlockOutput is now set to: false]
[11:09:42] [Render thread/INFO]: [MineRLAgent0: Gamerule keepInventory is now set to: true]
[11:09:42] [Render thread/INFO]: [MineRLAgent0: Applied effect Night Vision to MineRLAgent0]
[11:09:42] [Render thread/INFO]: [MineRLAgent0: Gamerule doDaylightCycle is now set to: false]
[11:09:42] [Render thread/INFO]: [MineRLAgent0: Set the time to 0]
[11:09:42] [Render thread/INFO]: [MineRLAgent0: Gamerule doImmediateRespawn is now set to: true]
[11:09:42] [Render thread/INFO]: [MineRLAgent0: Set spawn point to 130, 71, -4006 [0.0] in minecraft:overworld for MineRLAgent0]
[11:09:51] [Render thread/INFO]: Loaded 4 advancements
[11:10:02] [Render thread/INFO]: Loaded 16 advancements
[11:10:04] [Render thread/INFO]: Loaded 25 advancements
[11:10:07] [Render thread/INFO]: Loaded 28 advancements
[11:10:26] [Render thread/INFO]: MineRLAgent0 has made the advancement [Stone Age]
[11:10:26] [Render thread/INFO]: [CHAT] MineRLAgent0 has made the advancement [Stone Age]
[11:10:26] [Render thread/INFO]: Loaded 43 advancements
[11:10:32] [Render thread/INFO]: Loaded 60 advancements
[11:11:09] [Render thread/INFO]: Loaded 61 advancements
[11:11:11] [Render thread/INFO]: Loaded 62 advancements
[11:11:18] [Render thread/INFO]: MineRLAgent0 has made the advancement [Getting an Upgrade]
[11:11:18] [Render thread/INFO]: [CHAT] MineRLAgent0 has made the advancement [Getting an Upgrade]
[11:11:18] [Render thread/INFO]: Loaded 66 advancements
[11:11:26] [Render thread/INFO]: Loaded 76 advancements
[11:11:29] [Render thread/INFO]: Loaded 85 advancements
[11:11:30] [Render thread/INFO]: [MineRLAgent0: Changed the block at 124, 47, -3992]
[11:11:39] [Render thread/INFO]: [MineRLAgent0: Changed the block at 124, 45, -3992]
[11:11:58] [Render thread/INFO]: [MineRLAgent0: Changed the block at 124, 39, -3993]
[11:12:00] [Render thread/INFO]: Loaded 86 advancements
[11:12:02] [Render thread/INFO]: [MineRLAgent0: Changed the block at 124, 38, -3993]
[11:12:07] [Render thread/INFO]: [MineRLAgent0: Changed the block at 125, 37, -3993]
[11:12:07] [Render thread/INFO]: [MineRLAgent0: Changed the block at 125, 35, -3993]
[11:12:08] [Render thread/INFO]: [MineRLAgent0: Changed the block at 125, 32, -3992]
[11:12:08] [Render thread/INFO]: [MineRLAgent0: Changed the block at 125, 30, -3992]
[11:12:11] [Render thread/INFO]: [MineRLAgent0: Changed the block at 125, 28, -3996]
[11:12:12] [Render thread/INFO]: [MineRLAgent0: Changed the block at 125, 26, -3996]
[11:12:15] [Render thread/INFO]: Loaded 88 advancements
[11:12:15] [Render thread/INFO]: Loaded 98 advancements
[11:12:17] [Render thread/INFO]: [MineRLAgent0: Changed the block at 125, 22, -3996]
[11:12:17] [Render thread/INFO]: [MineRLAgent0: Changed the block at 125, 19, -3996]
[11:12:18] [Render thread/INFO]: [MineRLAgent0: Changed the block at 125, 18, -3996]
[11:12:22] [Render thread/INFO]: [MineRLAgent0: Changed the block at 125, 17, -3996]
[11:12:23] [Render thread/INFO]: [MineRLAgent0: Changed the block at 125, 15, -3996]
[11:12:32] [Render thread/INFO]: [MineRLAgent0: Changed the block at 125, 12, -3996]
[11:13:05] [Render thread/INFO]: [MineRLAgent0: Changed the block at 126, 10, -3993]
[11:13:10] [Render thread/INFO]: [STDOUT]: Starting new video null
[11:13:12] [Render thread/INFO]: [MineRLAgent0: Changed the block at 126, 8, -3996]
[11:13:19] [Render thread/INFO]: [MineRLAgent0: Changed the block at 125, 7, -3996]
[11:14:37] [Render thread/INFO]: [MineRLAgent0: Changed the block at 126, 6, -3997]
[11:16:43] [Render thread/INFO]: [STDOUT]: Starting new video null
[11:16:46] [EnvServerSocketHandler/INFO]: [STDOUT]: *** Stopping the replay, returning control to the inputs
